*** Using Compiler 'V6.16', folder: 'D:\Keil_v5\ARM\ARMCLANG\Bin'
Rebuild target 'DABM-D223'
compiling main.c...
assembling startup_stm32h743xx.s...
compiling adcFunction.c...
compiling stm32h7xx_hal_msp.c...
compiling crc16.c...
compiling msgStruct.c...
compiling stm32h7xx_hal_dma_ex.c...
compiling stm32h7xx_it.c...
compiling userQspiAdc.c...
compiling stm32h7xx_hal_pwr.c...
compiling regFPGA.c...
compiling stm32h7xx_hal_rcc.c...
compiling nvmData.c...
compiling stm32h7xx_hal_spi.c...
compiling stm32h7xx_hal_pcd_ex.c...
compiling usbd_cdc_if.c...
compiling stm32h7xx_hal_spi_ex.c...
compiling stm32h7xx_hal_pcd.c...
compiling stm32h7xx_hal_flash.c...
compiling stm32h7xx_hal_tim.c...
compiling stm32h7xx_hal_rcc_ex.c...
compiling usbMsg.c...
compiling stm32h7xx_hal_exti.c...
compiling userQspi.c...
compiling stm32h7xx_hal.c...
compiling stm32h7xx_ll_usb.c...
compiling stm32h7xx_hal_dma.c...
compiling stm32h7xx_hal_qspi.c...
compiling dio.c...
compiling stm32h7xx_ll_delayblock.c...
compiling stm32h7xx_hal_hsem.c...
compiling usbd_conf.c...
compiling cpuport.c...
compiling stm32h7xx_hal_cortex.c...
compiling stm32h7xx_hal_mdma.c...
compiling stm32h7xx_hal_i2c_ex.c...
compiling components.c...
compiling system_stm32h7xx.c...
compiling stm32h7xx_hal_gpio.c...
compiling stm32h7xx_hal_tim_ex.c...
compiling stm32h7xx_hal_flash_ex.c...
compiling stm32h7xx_hal_pwr_ex.c...
compiling irq.c...
compiling stm32h7xx_hal_i2c.c...
compiling clock.c...
compiling usbd_desc.c...
compiling ipc.c...
compiling cpu_cache.c...
compiling idle.c...
compiling usb_device.c...
compiling mem.c...
compiling userThread.c...
compiling fram.c...
compiling ddsDAC.c...
compiling usbd_ioreq.c...
compiling usbd_core.c...
compiling usbd_ctlreq.c...
compiling usbd_cdc.c...
compiling mempool.c...
compiling object.c...
compiling kservice.c...
compiling thread.c...
compiling scheduler.c...
compiling timer.c...
assembling context_rvds.S...
compiling board.c...
linking...
Program Size: Code=81450 RO-data=2598 RW-data=316 ZI-data=182900  
FromELF: creating hex file...
"DABM-D223\DABM-D223.axf" - 0 Error(s), 0 Warning(s).
Build Time Elapsed:  00:00:05
