Component: ARM Compiler 6.16 Tool: armlink [5dfeaa00]

==============================================================================

Section Cross References

    startup_stm32h743xx.o(RESET) refers to startup_stm32h743xx.o(STACK) for __initial_sp
    startup_stm32h743xx.o(RESET) refers to startup_stm32h743xx.o(.text) for Reset_Handler
    startup_stm32h743xx.o(RESET) refers to lto-llvm-6b523a.o(.text.NMI_Handler) for NMI_Handler
    startup_stm32h743xx.o(RESET) refers to context_rvds.o(.text) for HardFault_Handler
    startup_stm32h743xx.o(RESET) refers to lto-llvm-6b523a.o(.text.BusFault_Handler) for BusFault_Handler
    startup_stm32h743xx.o(RESET) refers to lto-llvm-6b523a.o(.text.UsageFault_Handler) for UsageFault_Handler
    startup_stm32h743xx.o(RESET) refers to lto-llvm-6b523a.o(.text.SVC_Handler) for SVC_Handler
    startup_stm32h743xx.o(RESET) refers to lto-llvm-6b523a.o(.text.DebugMon_Handler) for DebugMon_Handler
    startup_stm32h743xx.o(RESET) refers to lto-llvm-6b523a.o(.text.SysTick_Handler) for SysTick_Handler
    startup_stm32h743xx.o(RESET) refers to lto-llvm-6b523a.o(.text.TIM1_BRK_IRQHandler) for TIM1_BRK_IRQHandler
    startup_stm32h743xx.o(RESET) refers to lto-llvm-6b523a.o(.text.TIM1_UP_IRQHandler) for TIM1_UP_IRQHandler
    startup_stm32h743xx.o(RESET) refers to lto-llvm-6b523a.o(.text.TIM1_TRG_COM_IRQHandler) for TIM1_TRG_COM_IRQHandler
    startup_stm32h743xx.o(RESET) refers to lto-llvm-6b523a.o(.text.TIM1_CC_IRQHandler) for TIM1_CC_IRQHandler
    startup_stm32h743xx.o(RESET) refers to lto-llvm-6b523a.o(.text.TIM2_IRQHandler) for TIM2_IRQHandler
    startup_stm32h743xx.o(RESET) refers to lto-llvm-6b523a.o(.text.TIM3_IRQHandler) for TIM3_IRQHandler
    startup_stm32h743xx.o(RESET) refers to lto-llvm-6b523a.o(.text.TIM4_IRQHandler) for TIM4_IRQHandler
    startup_stm32h743xx.o(RESET) refers to lto-llvm-6b523a.o(.text.TIM8_BRK_TIM12_IRQHandler) for TIM8_BRK_TIM12_IRQHandler
    startup_stm32h743xx.o(RESET) refers to lto-llvm-6b523a.o(.text.TIM8_UP_TIM13_IRQHandler) for TIM8_UP_TIM13_IRQHandler
    startup_stm32h743xx.o(RESET) refers to lto-llvm-6b523a.o(.text.TIM8_TRG_COM_TIM14_IRQHandler) for TIM8_TRG_COM_TIM14_IRQHandler
    startup_stm32h743xx.o(RESET) refers to lto-llvm-6b523a.o(.text.TIM8_CC_IRQHandler) for TIM8_CC_IRQHandler
    startup_stm32h743xx.o(RESET) refers to lto-llvm-6b523a.o(.text.TIM5_IRQHandler) for TIM5_IRQHandler
    startup_stm32h743xx.o(RESET) refers to lto-llvm-6b523a.o(.text.OTG_HS_IRQHandler) for OTG_HS_IRQHandler
    startup_stm32h743xx.o(RESET) refers to lto-llvm-6b523a.o(.text.QUADSPI_IRQHandler) for QUADSPI_IRQHandler
    startup_stm32h743xx.o(RESET) refers to lto-llvm-6b523a.o(.text.MDMA_IRQHandler) for MDMA_IRQHandler
    startup_stm32h743xx.o(.text) refers to lto-llvm-6b523a.o(.text.ExitRun0Mode) for ExitRun0Mode
    startup_stm32h743xx.o(.text) refers to lto-llvm-6b523a.o(.text.SystemInit) for SystemInit
    startup_stm32h743xx.o(.text) refers to entry.o(.ARM.Collect$$$$00000000) for __main
    context_rvds.o(.text) refers to lto-llvm-6b523a.o(.text.rt_hw_hard_fault_exception) for rt_hw_hard_fault_exception
    context_rvds.o(.text) refers to lto-llvm-6b523a.o(.bss) for rt_thread_switch_interrupt_flag
    entry.o(.ARM.Collect$$$$00000000) refers (Special) to entry10a.o(.ARM.Collect$$$$0000000D) for __rt_final_cpp
    entry.o(.ARM.Collect$$$$00000000) refers (Special) to entry11a.o(.ARM.Collect$$$$0000000F) for __rt_final_exit
    entry.o(.ARM.Collect$$$$00000000) refers (Special) to entry7b.o(.ARM.Collect$$$$00000008) for _main_clock
    entry.o(.ARM.Collect$$$$00000000) refers (Special) to entry8b.o(.ARM.Collect$$$$0000000A) for _main_cpp_init
    entry.o(.ARM.Collect$$$$00000000) refers (Special) to entry9a.o(.ARM.Collect$$$$0000000B) for _main_init
    entry.o(.ARM.Collect$$$$00000000) refers (Special) to entry5.o(.ARM.Collect$$$$00000004) for _main_scatterload
    entry.o(.ARM.Collect$$$$00000000) refers (Special) to entry2.o(.ARM.Collect$$$$00000001) for _main_stk
    entry2.o(.ARM.Collect$$$$00000001) refers to entry2.o(.ARM.Collect$$$$00002712) for __lit__00000000
    entry2.o(.ARM.Collect$$$$00002712) refers to startup_stm32h743xx.o(STACK) for __initial_sp
    entry2.o(__vectab_stack_and_reset_area) refers to startup_stm32h743xx.o(STACK) for __initial_sp
    entry2.o(__vectab_stack_and_reset_area) refers to entry.o(.ARM.Collect$$$$00000000) for __main
    entry5.o(.ARM.Collect$$$$00000004) refers to init.o(.text) for __scatterload
    entry9a.o(.ARM.Collect$$$$0000000B) refers to lto-llvm-6b523a.o(.text.$Sub$$main) for main
    entry9b.o(.ARM.Collect$$$$0000000C) refers to lto-llvm-6b523a.o(.text.$Sub$$main) for main
    init.o(.text) refers to entry5.o(.ARM.Collect$$$$00000004) for __main_after_scatterload
    lto-llvm-6b523a.o(.text.HAL_TIM_PeriodElapsedCallback) refers to lto-llvm-6b523a.o(.bss) for init_success
    lto-llvm-6b523a.o(.text.HAL_TIM_PeriodElapsedCallback) refers to lto-llvm-6b523a.o(.text.TIM1_task) for TIM1_task
[...]
    __cpp_initialize__aeabi_                  - Undefined Weak Reference
    __cxa_finalize                            - Undefined Weak Reference
    _clock_init                               - Undefined Weak Reference
    _microlib_exit                            - Undefined Weak Reference
    __Vectors_Size                           0x00000298   Number         0  startup_stm32h743xx.o ABSOLUTE
    __Vectors                                0x08000000   Data           4  startup_stm32h743xx.o(RESET)
    __Vectors_End                            0x08000298   Data           0  startup_stm32h743xx.o(RESET)
    __main                                   0x08000299   Thumb Code     0  entry.o(.ARM.Collect$$$$00000000)
    _main_stk                                0x08000299   Thumb Code     0  entry2.o(.ARM.Collect$$$$00000001)
    _main_scatterload                        0x0800029d   Thumb Code     0  entry5.o(.ARM.Collect$$$$00000004)
    __main_after_scatterload                 0x080002a1   Thumb Code     0  entry5.o(.ARM.Collect$$$$00000004)
    _main_clock                              0x080002a1   Thumb Code     0  entry7b.o(.ARM.Collect$$$$00000008)
    _main_cpp_init                           0x080002a1   Thumb Code     0  entry8b.o(.ARM.Collect$$$$0000000A)
    _main_init                               0x080002a1   Thumb Code     0  entry9a.o(.ARM.Collect$$$$0000000B)
    __rt_final_cpp                           0x080002a9   Thumb Code     0  entry10a.o(.ARM.Collect$$$$0000000D)
    __rt_final_exit                          0x080002a9   Thumb Code     0  entry11a.o(.ARM.Collect$$$$0000000F)
    Reset_Handler                            0x080002ad   Thumb Code    12  startup_stm32h743xx.o(.text)
    ADC3_IRQHandler                          0x080002cb   Thumb Code     0  startup_stm32h743xx.o(.text)
    ADC_IRQHandler                           0x080002cb   Thumb Code     0  startup_stm32h743xx.o(.text)
    BDMA_Channel0_IRQHandler                 0x080002cb   Thumb Code     0  startup_stm32h743xx.o(.text)
    BDMA_Channel1_IRQHandler                 0x080002cb   Thumb Code     0  startup_stm32h743xx.o(.text)
    BDMA_Channel2_IRQHandler                 0x080002cb   Thumb Code     0  startup_stm32h743xx.o(.text)
    BDMA_Channel3_IRQHandler                 0x080002cb   Thumb Code     0  startup_stm32h743xx.o(.text)
    BDMA_Channel4_IRQHandler                 0x080002cb   Thumb Code     0  startup_stm32h743xx.o(.text)
    BDMA_Channel5_IRQHandler                 0x080002cb   Thumb Code     0  startup_stm32h743xx.o(.text)
    BDMA_Channel6_IRQHandler                 0x080002cb   Thumb Code     0  startup_stm32h743xx.o(.text)
    BDMA_Channel7_IRQHandler                 0x080002cb   Thumb Code     0  startup_stm32h743xx.o(.text)
    CEC_IRQHandler                           0x080002cb   Thumb Code     0  startup_stm32h743xx.o(.text)
    COMP1_IRQHandler                         0x080002cb   Thumb Code     0  startup_stm32h743xx.o(.text)
    CRS_IRQHandler                           0x080002cb   Thumb Code     0  startup_stm32h743xx.o(.text)
    DCMI_IRQHandler                          0x080002cb   Thumb Code     0  startup_stm32h743xx.o(.text)
    DFSDM1_FLT0_IRQHandler                   0x080002cb   Thumb Code     0  startup_stm32h743xx.o(.text)
    DFSDM1_FLT1_IRQHandler                   0x080002cb   Thumb Code     0  startup_stm32h743xx.o(.text)
    DFSDM1_FLT2_IRQHandler                   0x080002cb   Thumb Code     0  startup_stm32h743xx.o(.text)
    DFSDM1_FLT3_IRQHandler                   0x080002cb   Thumb Code     0  startup_stm32h743xx.o(.text)
    DMA1_Stream0_IRQHandler                  0x080002cb   Thumb Code     0  startup_stm32h743xx.o(.text)
    DMA1_Stream1_IRQHandler                  0x080002cb   Thumb Code     0  startup_stm32h743xx.o(.text)
    DMA1_Stream2_IRQHandler                  0x080002cb   Thumb Code     0  startup_stm32h743xx.o(.text)
    DMA1_Stream3_IRQHandler                  0x080002cb   Thumb Code     0  startup_stm32h743xx.o(.text)
    DMA1_Stream4_IRQHandler                  0x080002cb   Thumb Code     0  startup_stm32h743xx.o(.text)
    DMA1_Stream5_IRQHandler                  0x080002cb   Thumb Code     0  startup_stm32h743xx.o(.text)
    DMA1_Stream6_IRQHandler                  0x080002cb   Thumb Code     0  startup_stm32h743xx.o(.text)
    DMA1_Stream7_IRQHandler                  0x080002cb   Thumb Code     0  startup_stm32h743xx.o(.text)
    DMA2D_IRQHandler                         0x080002cb   Thumb Code     0  startup_stm32h743xx.o(.text)
    DMA2_Stream0_IRQHandler                  0x080002cb   Thumb Code     0  startup_stm32h743xx.o(.text)
    DMA2_Stream1_IRQHandler                  0x080002cb   Thumb Code     0  startup_stm32h743xx.o(.text)
    DMA2_Stream2_IRQHandler                  0x080002cb   Thumb Code     0  startup_stm32h743xx.o(.text)
    DMA2_Stream3_IRQHandler                  0x080002cb   Thumb Code     0  startup_stm32h743xx.o(.text)
    DMA2_Stream4_IRQHandler                  0x080002cb   Thumb Code     0  startup_stm32h743xx.o(.text)
    DMA2_Stream5_IRQHandler                  0x080002cb   Thumb Code     0  startup_stm32h743xx.o(.text)
    DMA2_Stream6_IRQHandler                  0x080002cb   Thumb Code     0  startup_stm32h743xx.o(.text)
    DMA2_Stream7_IRQHandler                  0x080002cb   Thumb Code     0  startup_stm32h743xx.o(.text)
    DMAMUX1_OVR_IRQHandler                   0x080002cb   Thumb Code     0  startup_stm32h743xx.o(.text)
    DMAMUX2_OVR_IRQHandler                   0x080002cb   Thumb Code     0  startup_stm32h743xx.o(.text)
    ECC_IRQHandler                           0x080002cb   Thumb Code     0  startup_stm32h743xx.o(.text)
    ETH_IRQHandler                           0x080002cb   Thumb Code     0  startup_stm32h743xx.o(.text)
    ETH_WKUP_IRQHandler                      0x080002cb   Thumb Code     0  startup_stm32h743xx.o(.text)
    EXTI0_IRQHandler                         0x080002cb   Thumb Code     0  startup_stm32h743xx.o(.text)
    EXTI15_10_IRQHandler                     0x080002cb   Thumb Code     0  startup_stm32h743xx.o(.text)
    EXTI1_IRQHandler                         0x080002cb   Thumb Code     0  startup_stm32h743xx.o(.text)
    EXTI2_IRQHandler                         0x080002cb   Thumb Code     0  startup_stm32h743xx.o(.text)
    EXTI3_IRQHandler                         0x080002cb   Thumb Code     0  startup_stm32h743xx.o(.text)
    EXTI4_IRQHandler                         0x080002cb   Thumb Code     0  startup_stm32h743xx.o(.text)
    EXTI9_5_IRQHandler                       0x080002cb   Thumb Code     0  startup_stm32h743xx.o(.text)
    FDCAN1_IT0_IRQHandler                    0x080002cb   Thumb Code     0  startup_stm32h743xx.o(.text)
    FDCAN1_IT1_IRQHandler                    0x080002cb   Thumb Code     0  startup_stm32h743xx.o(.text)
    FDCAN2_IT0_IRQHandler                    0x080002cb   Thumb Code     0  startup_stm32h743xx.o(.text)
    FDCAN2_IT1_IRQHandler                    0x080002cb   Thumb Code     0  startup_stm32h743xx.o(.text)
    FDCAN_CAL_IRQHandler                     0x080002cb   Thumb Code     0  startup_stm32h743xx.o(.text)
    FLASH_IRQHandler                         0x080002cb   Thumb Code     0  startup_stm32h743xx.o(.text)
    FMC_IRQHandler                           0x080002cb   Thumb Code     0  startup_stm32h743xx.o(.text)
    FPU_IRQHandler                           0x080002cb   Thumb Code     0  startup_stm32h743xx.o(.text)
    HRTIM1_FLT_IRQHandler                    0x080002cb   Thumb Code     0  startup_stm32h743xx.o(.text)
    HRTIM1_Master_IRQHandler                 0x080002cb   Thumb Code     0  startup_stm32h743xx.o(.text)
    HRTIM1_TIMA_IRQHandler                   0x080002cb   Thumb Code     0  startup_stm32h743xx.o(.text)
    HRTIM1_TIMB_IRQHandler                   0x080002cb   Thumb Code     0  startup_stm32h743xx.o(.text)
    HRTIM1_TIMC_IRQHandler                   0x080002cb   Thumb Code     0  startup_stm32h743xx.o(.text)
    HRTIM1_TIMD_IRQHandler                   0x080002cb   Thumb Code     0  startup_stm32h743xx.o(.text)
    HRTIM1_TIME_IRQHandler                   0x080002cb   Thumb Code     0  startup_stm32h743xx.o(.text)
    HSEM1_IRQHandler                         0x080002cb   Thumb Code     0  startup_stm32h743xx.o(.text)
    I2C1_ER_IRQHandler                       0x080002cb   Thumb Code     0  startup_stm32h743xx.o(.text)
    I2C1_EV_IRQHandler                       0x080002cb   Thumb Code     0  startup_stm32h743xx.o(.text)
    I2C2_ER_IRQHandler                       0x080002cb   Thumb Code     0  startup_stm32h743xx.o(.text)
    I2C2_EV_IRQHandler                       0x080002cb   Thumb Code     0  startup_stm32h743xx.o(.text)
    I2C3_ER_IRQHandler                       0x080002cb   Thumb Code     0  startup_stm32h743xx.o(.text)
    I2C3_EV_IRQHandler                       0x080002cb   Thumb Code     0  startup_stm32h743xx.o(.text)
    I2C4_ER_IRQHandler                       0x080002cb   Thumb Code     0  startup_stm32h743xx.o(.text)
    I2C4_EV_IRQHandler                       0x080002cb   Thumb Code     0  startup_stm32h743xx.o(.text)
    JPEG_IRQHandler                          0x080002cb   Thumb Code     0  startup_stm32h743xx.o(.text)
    LPTIM1_IRQHandler                        0x080002cb   Thumb Code     0  startup_stm32h743xx.o(.text)
    LPTIM2_IRQHandler                        0x080002cb   Thumb Code     0  startup_stm32h743xx.o(.text)
    LPTIM3_IRQHandler                        0x080002cb   Thumb Code     0  startup_stm32h743xx.o(.text)
    LPTIM4_IRQHandler                        0x080002cb   Thumb Code     0  startup_stm32h743xx.o(.text)
    LPTIM5_IRQHandler                        0x080002cb   Thumb Code     0  startup_stm32h743xx.o(.text)
    LPUART1_IRQHandler                       0x080002cb   Thumb Code     0  startup_stm32h743xx.o(.text)
    LTDC_ER_IRQHandler                       0x080002cb   Thumb Code     0  startup_stm32h743xx.o(.text)
    LTDC_IRQHandler                          0x080002cb   Thumb Code     0  startup_stm32h743xx.o(.text)
    MDIOS_IRQHandler                         0x080002cb   Thumb Code     0  startup_stm32h743xx.o(.text)
    MDIOS_WKUP_IRQHandler                    0x080002cb   Thumb Code     0  startup_stm32h743xx.o(.text)
    OTG_FS_EP1_IN_IRQHandler                 0x080002cb   Thumb Code     0  startup_stm32h743xx.o(.text)
    OTG_FS_EP1_OUT_IRQHandler                0x080002cb   Thumb Code     0  startup_stm32h743xx.o(.text)
    OTG_FS_IRQHandler                        0x080002cb   Thumb Code     0  startup_stm32h743xx.o(.text)
    OTG_FS_WKUP_IRQHandler                   0x080002cb   Thumb Code     0  startup_stm32h743xx.o(.text)
    OTG_HS_EP1_IN_IRQHandler                 0x080002cb   Thumb Code     0  startup_stm32h743xx.o(.text)
    OTG_HS_EP1_OUT_IRQHandler                0x080002cb   Thumb Code     0  startup_stm32h743xx.o(.text)
    OTG_HS_WKUP_IRQHandler                   0x080002cb   Thumb Code     0  startup_stm32h743xx.o(.text)
    PVD_AVD_IRQHandler                       0x080002cb   Thumb Code     0  startup_stm32h743xx.o(.text)
    RCC_IRQHandler                           0x080002cb   Thumb Code     0  startup_stm32h743xx.o(.text)
    RNG_IRQHandler                           0x080002cb   Thumb Code     0  startup_stm32h743xx.o(.text)
    RTC_Alarm_IRQHandler                     0x080002cb   Thumb Code     0  startup_stm32h743xx.o(.text)
    RTC_WKUP_IRQHandler                      0x080002cb   Thumb Code     0  startup_stm32h743xx.o(.text)
    SAI1_IRQHandler                          0x080002cb   Thumb Code     0  startup_stm32h743xx.o(.text)
    SAI2_IRQHandler                          0x080002cb   Thumb Code     0  startup_stm32h743xx.o(.text)
    SAI3_IRQHandler                          0x080002cb   Thumb Code     0  startup_stm32h743xx.o(.text)
    SAI4_IRQHandler                          0x080002cb   Thumb Code     0  startup_stm32h743xx.o(.text)
    SDMMC1_IRQHandler                        0x080002cb   Thumb Code     0  startup_stm32h743xx.o(.text)
    SDMMC2_IRQHandler                        0x080002cb   Thumb Code     0  startup_stm32h743xx.o(.text)
    SPDIF_RX_IRQHandler                      0x080002cb   Thumb Code     0  startup_stm32h743xx.o(.text)
    SPI1_IRQHandler                          0x080002cb   Thumb Code     0  startup_stm32h743xx.o(.text)
    SPI2_IRQHandler                          0x080002cb   Thumb Code     0  startup_stm32h743xx.o(.text)
    SPI3_IRQHandler                          0x080002cb   Thumb Code     0  startup_stm32h743xx.o(.text)
    SPI4_IRQHandler                          0x080002cb   Thumb Code     0  startup_stm32h743xx.o(.text)
    SPI5_IRQHandler                          0x080002cb   Thumb Code     0  startup_stm32h743xx.o(.text)
    SPI6_IRQHandler                          0x080002cb   Thumb Code     0  startup_stm32h743xx.o(.text)
    SWPMI1_IRQHandler                        0x080002cb   Thumb Code     0  startup_stm32h743xx.o(.text)
    TAMP_STAMP_IRQHandler                    0x080002cb   Thumb Code     0  startup_stm32h743xx.o(.text)
    TIM15_IRQHandler                         0x080002cb   Thumb Code     0  startup_stm32h743xx.o(.text)
    TIM16_IRQHandler                         0x080002cb   Thumb Code     0  startup_stm32h743xx.o(.text)
    TIM17_IRQHandler                         0x080002cb   Thumb Code     0  startup_stm32h743xx.o(.text)
    TIM6_DAC_IRQHandler                      0x080002cb   Thumb Code     0  startup_stm32h743xx.o(.text)
    TIM7_IRQHandler                          0x080002cb   Thumb Code     0  startup_stm32h743xx.o(.text)
    UART4_IRQHandler                         0x080002cb   Thumb Code     0  startup_stm32h743xx.o(.text)
    UART5_IRQHandler                         0x080002cb   Thumb Code     0  startup_stm32h743xx.o(.text)
    UART7_IRQHandler                         0x080002cb   Thumb Code     0  startup_stm32h743xx.o(.text)
    UART8_IRQHandler                         0x080002cb   Thumb Code     0  startup_stm32h743xx.o(.text)
    USART1_IRQHandler                        0x080002cb   Thumb Code     0  startup_stm32h743xx.o(.text)
    USART2_IRQHandler                        0x080002cb   Thumb Code     0  startup_stm32h743xx.o(.text)
    USART3_IRQHandler                        0x080002cb   Thumb Code     0  startup_stm32h743xx.o(.text)
    USART6_IRQHandler                        0x080002cb   Thumb Code     0  startup_stm32h743xx.o(.text)
    WAKEUP_PIN_IRQHandler                    0x080002cb   Thumb Code     0  startup_stm32h743xx.o(.text)
    WWDG_IRQHandler                          0x080002cb   Thumb Code     0  startup_stm32h743xx.o(.text)
    rt_hw_interrupt_disable                  0x080002d9   Thumb Code     8  context_rvds.o(.text)
    rt_hw_interrupt_enable                   0x080002e1   Thumb Code     6  context_rvds.o(.text)
    rt_hw_context_switch                     0x080002e7   Thumb Code    32  context_rvds.o(.text)
    rt_hw_context_switch_interrupt           0x080002e7   Thumb Code     0  context_rvds.o(.text)
    PendSV_Handler                           0x08000307   Thumb Code   108  context_rvds.o(.text)
    rt_hw_context_switch_to                  0x08000373   Thumb Code    70  context_rvds.o(.text)
    rt_hw_interrupt_thread_switch            0x080003b9   Thumb Code     2  context_rvds.o(.text)
    HardFault_Handler                        0x080003bb   Thumb Code    56  context_rvds.o(.text)
    MemManage_Handler                        0x080003bb   Thumb Code     0  context_rvds.o(.text)
    __scatterload                            0x0800040d   Thumb Code    28  init.o(.text)
    __scatterload_rt2                        0x0800040d   Thumb Code     0  init.o(.text)
    __aeabi_memcpy                           0x08000431   Thumb Code    36  memcpya.o(.text)
    __aeabi_memcpy4                          0x08000431   Thumb Code     0  memcpya.o(.text)
    __aeabi_memcpy8                          0x08000431   Thumb Code     0  memcpya.o(.text)
    __aeabi_memset                           0x08000455   Thumb Code    14  memseta.o(.text)
    __aeabi_memset4                          0x08000455   Thumb Code     0  memseta.o(.text)
    __aeabi_memset8                          0x08000455   Thumb Code     0  memseta.o(.text)
    __aeabi_memclr                           0x08000463   Thumb Code     4  memseta.o(.text)
    __aeabi_memclr4                          0x08000463   Thumb Code     0  memseta.o(.text)
    __aeabi_memclr8                          0x08000463   Thumb Code     0  memseta.o(.text)
    _memset$wrapper                          0x08000467   Thumb Code    18  memseta.o(.text)
    __decompress                             0x08000479   Thumb Code     0  __dczerorl.o(.text)
    __decompress0                            0x08000479   Thumb Code    58  __dczerorl.o(.text)
    main                                     0x080004b9   Thumb Code    10  lto-llvm-6b523a.o(.text.$Sub$$main)
    BusFault_Handler                         0x080004c9   Thumb Code     4  lto-llvm-6b523a.o(.text.BusFault_Handler)
    DebugMon_Handler                         0x08000659   Thumb Code     2  lto-llvm-6b523a.o(.text.DebugMon_Handler)
    ExitRun0Mode                             0x08000669   Thumb Code    40  lto-llvm-6b523a.o(.text.ExitRun0Mode)
    MDMA_IRQHandler                          0x08007e71   Thumb Code     8  lto-llvm-6b523a.o(.text.MDMA_IRQHandler)
    NMI_Handler                              0x08008949   Thumb Code     4  lto-llvm-6b523a.o(.text.NMI_Handler)
    OTG_HS_IRQHandler                        0x080089b9   Thumb Code     8  lto-llvm-6b523a.o(.text.OTG_HS_IRQHandler)
    QUADSPI_IRQHandler                       0x08009201   Thumb Code     8  lto-llvm-6b523a.o(.text.QUADSPI_IRQHandler)
    SVC_Handler                              0x08009751   Thumb Code     2  lto-llvm-6b523a.o(.text.SVC_Handler)
    SysTick_Handler                          0x080097e9   Thumb Code     8  lto-llvm-6b523a.o(.text.SysTick_Handler)
    SystemInit                               0x08009bc9   Thumb Code   390  lto-llvm-6b523a.o(.text.SystemInit)
    TIM1_BRK_IRQHandler                      0x08009d51   Thumb Code    16  lto-llvm-6b523a.o(.text.TIM1_BRK_IRQHandler)
    TIM1_CC_IRQHandler                       0x08009d61   Thumb Code    16  lto-llvm-6b523a.o(.text.TIM1_CC_IRQHandler)
    TIM1_TRG_COM_IRQHandler                  0x08009d71   Thumb Code    16  lto-llvm-6b523a.o(.text.TIM1_TRG_COM_IRQHandler)
    TIM1_UP_IRQHandler                       0x08009d81   Thumb Code    16  lto-llvm-6b523a.o(.text.TIM1_UP_IRQHandler)
    TIM2_IRQHandler                          0x08009db9   Thumb Code    16  lto-llvm-6b523a.o(.text.TIM2_IRQHandler)
    TIM3_IRQHandler                          0x08009df1   Thumb Code    16  lto-llvm-6b523a.o(.text.TIM3_IRQHandler)
    TIM4_IRQHandler                          0x08009e29   Thumb Code    16  lto-llvm-6b523a.o(.text.TIM4_IRQHandler)
    TIM5_IRQHandler                          0x08009e61   Thumb Code    16  lto-llvm-6b523a.o(.text.TIM5_IRQHandler)
    TIM8_BRK_TIM12_IRQHandler                0x08009e99   Thumb Code    28  lto-llvm-6b523a.o(.text.TIM8_BRK_TIM12_IRQHandler)
    TIM8_CC_IRQHandler                       0x08009eb9   Thumb Code    16  lto-llvm-6b523a.o(.text.TIM8_CC_IRQHandler)
    TIM8_TRG_COM_TIM14_IRQHandler            0x08009ec9   Thumb Code    28  lto-llvm-6b523a.o(.text.TIM8_TRG_COM_TIM14_IRQHandler)
    TIM8_UP_TIM13_IRQHandler                 0x08009ee9   Thumb Code    28  lto-llvm-6b523a.o(.text.TIM8_UP_TIM13_IRQHandler)
    UsageFault_Handler                       0x0800e079   Thumb Code     4  lto-llvm-6b523a.o(.text.UsageFault_Handler)
    $Super$$main                             0x080123f9   Thumb Code   430  lto-llvm-6b523a.o(.text.main)
    rt_hw_hard_fault_exception               0x080129b9   Thumb Code    52  lto-llvm-6b523a.o(.text.rt_hw_hard_fault_exception)
    __scatterload_copy                       0x080140bd   Thumb Code    14  handlers.o(i.__scatterload_copy)
    __scatterload_null                       0x080140cb   Thumb Code     2  handlers.o(i.__scatterload_null)
    __scatterload_zeroinit                   0x080140cd   Thumb Code    14  handlers.o(i.__scatterload_zeroinit)
    __rt_init_rti_start                      0x08014838   Data           4  lto-llvm-6b523a.o(.rti_fn.0)
    __rt_init_rti_board_start                0x0801483c   Data           4  lto-llvm-6b523a.o(.rti_fn.0.end)
    __rt_init_rti_board_end                  0x08014840   Data           4  lto-llvm-6b523a.o(.rti_fn.1.end)
    __rt_init_rti_end                        0x08014844   Data           4  lto-llvm-6b523a.o(.rti_fn.6.end)
    Region$$Table$$Base                      0x08014848   Number         0  anon$$obj.o(Region$$Table)
    Region$$Table$$Limit                     0x08014868   Number         0  anon$$obj.o(Region$$Table)
    rt_interrupt_from_thread                 0x24024cb8   Data           4  lto-llvm-6b523a.o(.bss)
    rt_interrupt_to_thread                   0x24024cbc   Data           4  lto-llvm-6b523a.o(.bss)
    rt_thread_switch_interrupt_flag          0x24024cc0   Data           4  lto-llvm-6b523a.o(.bss)
    __initial_sp                             0x2402cba0   Data           0  startup_stm32h743xx.o(STACK)



==============================================================================

Memory Map of the image

  Image Entry point : 0x08000299

  Load Region LR_IROM1 (Base: 0x08000000, Size: 0x000149a8, Max: 0x00080000, ABSOLUTE, COMPRESSED[0x00014960])

    Execution Region ER_IROM1 (Exec base: 0x08000000, Load base: 0x08000000, Size: 0x00014868, Max: 0x00080000, ABSOLUTE)

    Exec Addr    Load Addr    Size         Type   Attr      Idx    E Section Name        Object

    0x08000000   0x08000000   0x00000298   Data   RO            3    RESET               startup_stm32h743xx.o
    0x08000298   0x08000298   0x00000000   Code   RO           78  * .ARM.Collect$$$$00000000  mc_w.l(entry.o)
    0x08000298   0x08000298   0x00000004   Code   RO           81    .ARM.Collect$$$$00000001  mc_w.l(entry2.o)
    0x0800029c   0x0800029c   0x00000004   Code   RO           84    .ARM.Collect$$$$00000004  mc_w.l(entry5.o)
    0x080002a0   0x080002a0   0x00000000   Code   RO           86    .ARM.Collect$$$$00000008  mc_w.l(entry7b.o)
    0x080002a0   0x080002a0   0x00000000   Code   RO           88    .ARM.Collect$$$$0000000A  mc_w.l(entry8b.o)
    0x080002a0   0x080002a0   0x00000008   Code   RO           89    .ARM.Collect$$$$0000000B  mc_w.l(entry9a.o)
    0x080002a8   0x080002a8   0x00000000   Code   RO           91    .ARM.Collect$$$$0000000D  mc_w.l(entry10a.o)
    0x080002a8   0x080002a8   0x00000000   Code   RO           93    .ARM.Collect$$$$0000000F  mc_w.l(entry11a.o)
    0x080002a8   0x080002a8   0x00000004   Code   RO           82    .ARM.Collect$$$$00002712  mc_w.l(entry2.o)
    0x080002ac   0x080002ac   0x0000002c   Code   RO            4    .text               startup_stm32h743xx.o
    0x080002d8   0x080002d8   0x00000134   Code   RO           59    .text               context_rvds.o
    0x0800040c   0x0800040c   0x00000024   Code   RO           95    .text               mc_w.l(init.o)
    0x08000430   0x08000430   0x00000024   Code   RO         1028    .text               mc_w.l(memcpya.o)
    0x08000454   0x08000454   0x00000024   Code   RO         1030    .text               mc_w.l(memseta.o)
    0x08000478   0x08000478   0x0000003a   Code   RO         1042    .text               mc_w.l(__dczerorl.o)
    0x080004b2   0x080004b2   0x00000006   PAD
    0x080004b8   0x080004b8   0x0000000a   Code   RO          840    .text.$Sub$$main    lto-llvm-6b523a.o
    0x080004c2   0x080004c2   0x00000006   PAD
    0x080004c8   0x080004c8   0x00000004   Code   RO          138    .text.BusFault_Handler  lto-llvm-6b523a.o
    0x080004cc   0x080004cc   0x00000004   PAD
    0x080004d0   0x080004d0   0x00000056   Code   RO          644    .text.CDC_Control_HS  lto-llvm-6b523a.o
    0x08000526   0x08000526   0x00000002   PAD
    0x08000528   0x08000528   0x00000004   Code   RO          642    .text.CDC_DeInit_HS  lto-llvm-6b523a.o
    0x0800052c   0x0800052c   0x00000004   PAD
    0x08000530   0x08000530   0x0000002c   Code   RO          640    .text.CDC_Init_HS   lto-llvm-6b523a.o
    0x0800055c   0x0800055c   0x00000004   PAD
    0x08000560   0x08000560   0x0000007a   Code   RO          646    .text.CDC_Receive_HS  lto-llvm-6b523a.o
    0x080005da   0x080005da   0x00000006   PAD
    0x080005e0   0x080005e0   0x00000018   Code   RO          648    .text.CDC_TransmitCplt_HS  lto-llvm-6b523a.o
    0x080005f8   0x080005f8   0x00000060   Code   RO          650    .text.CDC_Transmit_HS  lto-llvm-6b523a.o
    0x08000658   0x08000658   0x00000002   Code   RO          144    .text.DebugMon_Handler  lto-llvm-6b523a.o
    0x0800065a   0x0800065a   0x00000006   PAD
    0x08000660   0x08000660   0x00000006   Code   RO          134    .text.Error_Handler  lto-llvm-6b523a.o
    0x08000666   0x08000666   0x00000002   PAD
    0x08000668   0x08000668   0x00000028   Code   RO          618    .text.ExitRun0Mode  lto-llvm-6b523a.o
    0x08000690   0x08000690   0x0000001e   Code   RO          312    .text.FRAM_CS       lto-llvm-6b523a.o
    0x080006ae   0x080006ae   0x00000002   PAD
    0x080006b0   0x080006b0   0x00000074   Code   RO          316    .text.FramRead      lto-llvm-6b523a.o
    0x08000724   0x08000724   0x00000004   PAD
    0x08000728   0x08000728   0x000000b6   Code   RO          314    .text.FramWrite     lto-llvm-6b523a.o
    0x080007de   0x080007de   0x00000002   PAD
    0x080007e0   0x080007e0   0x0000005a   Code   RO          636    .text.Get_SerialNum  lto-llvm-6b523a.o
    0x0800083a   0x0800083a   0x00000006   PAD
    0x08000840   0x08000840   0x00000038   Code   RO          510    .text.HAL_Delay     lto-llvm-6b523a.o
    0x08000878   0x08000878   0x00000220   Code   RO          450    .text.HAL_GPIO_DeInit  lto-llvm-6b523a.o
    0x08000a98   0x08000a98   0x000003b0   Code   RO          448    .text.HAL_GPIO_Init  lto-llvm-6b523a.o
    0x08000e48   0x08000e48   0x00000032   Code   RO          454    .text.HAL_GPIO_TogglePin  lto-llvm-6b523a.o
    0x08000e7a   0x08000e7a   0x00000006   PAD
    0x08000e80   0x08000e80   0x0000002e   Code   RO          452    .text.HAL_GPIO_WritePin  lto-llvm-6b523a.o
    0x08000eae   0x08000eae   0x00000002   PAD
    0x08000eb0   0x08000eb0   0x0000000e   Code   RO          512    .text.HAL_GetREVID  lto-llvm-6b523a.o
    0x08000ebe   0x08000ebe   0x00000002   PAD
    0x08000ec0   0x08000ec0   0x0000000c   Code   RO          508    .text.HAL_GetTick   lto-llvm-6b523a.o
    0x08000ecc   0x08000ecc   0x00000004   PAD
    0x08000ed0   0x08000ed0   0x00000010   Code   RO          506    .text.HAL_IncTick   lto-llvm-6b523a.o
    0x08000ee0   0x08000ee0   0x00000074   Code   RO          502    .text.HAL_Init      lto-llvm-6b523a.o
    0x08000f54   0x08000f54   0x00000004   PAD
    0x08000f58   0x08000f58   0x00000068   Code   RO          504    .text.HAL_InitTick  lto-llvm-6b523a.o
    0x08000fc0   0x08000fc0   0x000000ca   Code   RO          468    .text.HAL_MDMA_Abort  lto-llvm-6b523a.o
    0x0800108a   0x0800108a   0x00000006   PAD
    0x08001090   0x08001090   0x00000052   Code   RO          470    .text.HAL_MDMA_Abort_IT  lto-llvm-6b523a.o
    0x080010e2   0x080010e2   0x00000006   PAD
    0x080010e8   0x080010e8   0x000000c4   Code   RO          462    .text.HAL_MDMA_ConfigPostRequestMask  lto-llvm-6b523a.o
    0x080011ac   0x080011ac   0x00000004   PAD
    0x080011b0   0x080011b0   0x00000092   Code   RO          460    .text.HAL_MDMA_DeInit  lto-llvm-6b523a.o
    0x08001242   0x08001242   0x00000006   PAD
    0x08001248   0x08001248   0x000002c8   Code   RO          472    .text.HAL_MDMA_IRQHandler  lto-llvm-6b523a.o
    0x08001510   0x08001510   0x000000a4   Code   RO          456    .text.HAL_MDMA_Init  lto-llvm-6b523a.o
    0x080015b4   0x080015b4   0x00000004   PAD
    0x080015b8   0x080015b8   0x00000114   Code   RO          466    .text.HAL_MDMA_Start_IT  lto-llvm-6b523a.o
    0x080016cc   0x080016cc   0x00000004   PAD
    0x080016d0   0x080016d0   0x00000024   Code   RO          176    .text.HAL_MspInit   lto-llvm-6b523a.o
    0x080016f4   0x080016f4   0x00000004   PAD
    0x080016f8   0x080016f8   0x00000016   Code   RO          494    .text.HAL_NVIC_DisableIRQ  lto-llvm-6b523a.o
    0x0800170e   0x0800170e   0x00000002   PAD
    0x08001710   0x08001710   0x00000014   Code   RO          490    .text.HAL_NVIC_EnableIRQ  lto-llvm-6b523a.o
    0x08001724   0x08001724   0x00000004   PAD
    0x08001728   0x08001728   0x0000002e   Code   RO          482    .text.HAL_NVIC_SetPriority  lto-llvm-6b523a.o
    0x08001756   0x08001756   0x00000002   PAD
    0x08001758   0x08001758   0x00000012   Code   RO          478    .text.HAL_NVIC_SetPriorityGrouping  lto-llvm-6b523a.o
    0x0800176a   0x0800176a   0x00000006   PAD
    0x08001770   0x08001770   0x00000036   Code   RO          370    .text.HAL_PCDEx_ActivateLPM  lto-llvm-6b523a.o
    0x080017a6   0x080017a6   0x00000002   PAD
    0x080017a8   0x080017a8   0x0000000c   Code   RO          372    .text.HAL_PCDEx_LPM_Callback  lto-llvm-6b523a.o
    0x080017b4   0x080017b4   0x00000004   PAD
    0x080017b8   0x080017b8   0x00000022   Code   RO          368    .text.HAL_PCDEx_SetRxFiFo  lto-llvm-6b523a.o
    0x080017da   0x080017da   0x00000006   PAD
    0x080017e0   0x080017e0   0x000000a2   Code   RO          366    .text.HAL_PCDEx_SetTxFiFo  lto-llvm-6b523a.o
    0x08001882   0x08001882   0x00000006   PAD
    0x08001888   0x08001888   0x00000014   Code   RO          672    .text.HAL_PCD_ConnectCallback  lto-llvm-6b523a.o
    0x0800189c   0x0800189c   0x00000004   PAD
    0x080018a0   0x080018a0   0x00000026   Code   RO          658    .text.HAL_PCD_DataInStageCallback  lto-llvm-6b523a.o
    0x080018c6   0x080018c6   0x00000002   PAD
    0x080018c8   0x080018c8   0x00000028   Code   RO          656    .text.HAL_PCD_DataOutStageCallback  lto-llvm-6b523a.o
    0x080018f0   0x080018f0   0x00000014   Code   RO          674    .text.HAL_PCD_DisconnectCallback  lto-llvm-6b523a.o
    0x08001904   0x08001904   0x00000004   PAD
    0x08001908   0x08001908   0x0000005a   Code   RO          348    .text.HAL_PCD_EP_Abort  lto-llvm-6b523a.o
    0x08001962   0x08001962   0x00000006   PAD
    0x08001968   0x08001968   0x000000a8   Code   RO          354    .text.HAL_PCD_EP_Close  lto-llvm-6b523a.o
    0x08001a10   0x08001a10   0x000000c8   Code   RO          364    .text.HAL_PCD_EP_ClrStall  lto-llvm-6b523a.o
    0x08001ad8   0x08001ad8   0x00000022   Code   RO          358    .text.HAL_PCD_EP_GetRxCount  lto-llvm-6b523a.o
    0x08001afa   0x08001afa   0x00000006   PAD
    0x08001b00   0x08001b00   0x000000ee   Code   RO          352    .text.HAL_PCD_EP_Open  lto-llvm-6b523a.o
    0x08001bee   0x08001bee   0x00000002   PAD
    0x08001bf0   0x08001bf0   0x0000006a   Code   RO          356    .text.HAL_PCD_EP_Receive  lto-llvm-6b523a.o
    0x08001c5a   0x08001c5a   0x00000006   PAD
    0x08001c60   0x08001c60   0x000000de   Code   RO          362    .text.HAL_PCD_EP_SetStall  lto-llvm-6b523a.o
    0x08001d3e   0x08001d3e   0x00000002   PAD
    0x08001d40   0x08001d40   0x0000006a   Code   RO          360    .text.HAL_PCD_EP_Transmit  lto-llvm-6b523a.o
    0x08001daa   0x08001daa   0x00000006   PAD
    0x08001db0   0x08001db0   0x000008b0   Code   RO          340    .text.HAL_PCD_IRQHandler  lto-llvm-6b523a.o
    0x08002660   0x08002660   0x0000001c   Code   RO          670    .text.HAL_PCD_ISOINIncompleteCallback  lto-llvm-6b523a.o
    0x0800267c   0x0800267c   0x00000004   PAD
    0x08002680   0x08002680   0x0000001c   Code   RO          668    .text.HAL_PCD_ISOOUTIncompleteCallback  lto-llvm-6b523a.o
    0x0800269c   0x0800269c   0x00000004   PAD
    0x080026a0   0x080026a0   0x0000023c   Code   RO          336    .text.HAL_PCD_Init  lto-llvm-6b523a.o
    0x080028dc   0x080028dc   0x00000004   PAD
    0x080028e0   0x080028e0   0x0000014e   Code   RO          652    .text.HAL_PCD_MspInit  lto-llvm-6b523a.o
    0x08002a2e   0x08002a2e   0x00000002   PAD
    0x08002a30   0x08002a30   0x00000050   Code   RO          662    .text.HAL_PCD_ResetCallback  lto-llvm-6b523a.o
    0x08002a80   0x08002a80   0x00000014   Code   RO          666    .text.HAL_PCD_ResumeCallback  lto-llvm-6b523a.o
    0x08002a94   0x08002a94   0x00000004   PAD
    0x08002a98   0x08002a98   0x00000014   Code   RO          660    .text.HAL_PCD_SOFCallback  lto-llvm-6b523a.o
    0x08002aac   0x08002aac   0x00000004   PAD
    0x08002ab0   0x08002ab0   0x0000005c   Code   RO          350    .text.HAL_PCD_SetAddress  lto-llvm-6b523a.o
    0x08002b0c   0x08002b0c   0x00000004   PAD
    0x08002b10   0x08002b10   0x00000018   Code   RO          654    .text.HAL_PCD_SetupStageCallback  lto-llvm-6b523a.o
    0x08002b28   0x08002b28   0x0000007c   Code   RO          338    .text.HAL_PCD_Start  lto-llvm-6b523a.o
    0x08002ba4   0x08002ba4   0x00000004   PAD
    0x08002ba8   0x08002ba8   0x0000003e   Code   RO          664    .text.HAL_PCD_SuspendCallback  lto-llvm-6b523a.o
    0x08002be6   0x08002be6   0x00000002   PAD
    0x08002be8   0x08002be8   0x000000a0   Code   RO          474    .text.HAL_PWREx_ConfigSupply  lto-llvm-6b523a.o
    0x08002c88   0x08002c88   0x00000012   Code   RO          476    .text.HAL_PWREx_EnableUSBVoltageDetector  lto-llvm-6b523a.o
    0x08002c9a   0x08002c9a   0x00000006   PAD
    0x08002ca0   0x08002ca0   0x000000fa   Code   RO          554    .text.HAL_QSPI_Abort  lto-llvm-6b523a.o
    0x08002d9a   0x08002d9a   0x00000006   PAD
    0x08002da0   0x08002da0   0x00000008   Code   RO          530    .text.HAL_QSPI_AbortCpltCallback  lto-llvm-6b523a.o
    0x08002da8   0x08002da8   0x000000c8   Code   RO          546    .text.HAL_QSPI_Abort_IT  lto-llvm-6b523a.o
    0x08002e70   0x08002e70   0x00000008   Code   RO          528    .text.HAL_QSPI_CmdCpltCallback  lto-llvm-6b523a.o
    0x08002e78   0x08002e78   0x00000106   Code   RO          540    .text.HAL_QSPI_Command  lto-llvm-6b523a.o
    0x08002f7e   0x08002f7e   0x00000002   PAD
    0x08002f80   0x08002f80   0x00000044   Code   RO          520    .text.HAL_QSPI_DeInit  lto-llvm-6b523a.o
    0x08002fc4   0x08002fc4   0x00000004   PAD
    0x08002fc8   0x08002fc8   0x00000008   Code   RO          532    .text.HAL_QSPI_ErrorCallback  lto-llvm-6b523a.o
    0x08002fd0   0x08002fd0   0x00000008   Code   RO          524    .text.HAL_QSPI_FifoThresholdCallback  lto-llvm-6b523a.o
    0x08002fd8   0x08002fd8   0x00000016   Code   RO          552    .text.HAL_QSPI_GetState  lto-llvm-6b523a.o
    0x08002fee   0x08002fee   0x00000002   PAD
    0x08002ff0   0x08002ff0   0x00000378   Code   RO          522    .text.HAL_QSPI_IRQHandler  lto-llvm-6b523a.o
    0x08003368   0x08003368   0x00000104   Code   RO          514    .text.HAL_QSPI_Init  lto-llvm-6b523a.o
    0x0800346c   0x0800346c   0x00000004   PAD
    0x08003470   0x08003470   0x00000066   Code   RO          180    .text.HAL_QSPI_MspDeInit  lto-llvm-6b523a.o
    0x080034d6   0x080034d6   0x00000002   PAD
    0x080034d8   0x080034d8   0x000001ae   Code   RO          178    .text.HAL_QSPI_MspInit  lto-llvm-6b523a.o
    0x08003686   0x08003686   0x00000002   PAD
    0x08003688   0x08003688   0x0000021c   Code   RO          548    .text.HAL_QSPI_Receive_DMA  lto-llvm-6b523a.o
    0x080038a4   0x080038a4   0x00000004   PAD
    0x080038a8   0x080038a8   0x00000290   Code   RO          278    .text.HAL_QSPI_RxCpltCallback  lto-llvm-6b523a.o
    0x08003b38   0x08003b38   0x00000014   Code   RO          516    .text.HAL_QSPI_SetTimeout  lto-llvm-6b523a.o
    0x08003b4c   0x08003b4c   0x00000004   PAD
    0x08003b50   0x08003b50   0x00000008   Code   RO          534    .text.HAL_QSPI_StatusMatchCallback  lto-llvm-6b523a.o
    0x08003b58   0x08003b58   0x00000008   Code   RO          538    .text.HAL_QSPI_TimeOutCallback  lto-llvm-6b523a.o
    0x08003b60   0x08003b60   0x00000008   Code   RO          526    .text.HAL_QSPI_TxCpltCallback  lto-llvm-6b523a.o
    0x08003b68   0x08003b68   0x00000ffe   Code   RO          442    .text.HAL_RCCEx_PeriphCLKConfig  lto-llvm-6b523a.o
    0x08004b66   0x08004b66   0x00000002   PAD
    0x08004b68   0x08004b68   0x0000049a   Code   RO          436    .text.HAL_RCC_ClockConfig  lto-llvm-6b523a.o
    0x08005002   0x08005002   0x00000006   PAD
    0x08005008   0x08005008   0x00000054   Code   RO          440    .text.HAL_RCC_GetHCLKFreq  lto-llvm-6b523a.o
    0x0800505c   0x0800505c   0x00000004   PAD
    0x08005060   0x08005060   0x00000308   Code   RO          438    .text.HAL_RCC_GetSysClockFreq  lto-llvm-6b523a.o
    0x08005368   0x08005368   0x00000b56   Code   RO          434    .text.HAL_RCC_OscConfig  lto-llvm-6b523a.o
    0x08005ebe   0x08005ebe   0x00000002   PAD
    0x08005ec0   0x08005ec0   0x00000280   Code   RO          556    .text.HAL_SPI_Init  lto-llvm-6b523a.o
    0x08006140   0x08006140   0x00000270   Code   RO          182    .text.HAL_SPI_MspInit  lto-llvm-6b523a.o
    0x080063b0   0x080063b0   0x00000552   Code   RO          566    .text.HAL_SPI_Receive  lto-llvm-6b523a.o
    0x08006902   0x08006902   0x00000006   PAD
    0x08006908   0x08006908   0x000003d8   Code   RO          560    .text.HAL_SPI_Transmit  lto-llvm-6b523a.o
    0x08006ce0   0x08006ce0   0x00000010   Code   RO          498    .text.HAL_SYSTICK_Config  lto-llvm-6b523a.o
    0x08006cf0   0x08006cf0   0x00000008   Code   RO          612    .text.HAL_TIMEx_Break2Callback  lto-llvm-6b523a.o
    0x08006cf8   0x08006cf8   0x00000008   Code   RO          610    .text.HAL_TIMEx_BreakCallback  lto-llvm-6b523a.o
    0x08006d00   0x08006d00   0x00000008   Code   RO          604    .text.HAL_TIMEx_CommutCallback  lto-llvm-6b523a.o
    0x08006d08   0x08006d08   0x00000112   Code   RO          608    .text.HAL_TIMEx_ConfigBreakDeadTime  lto-llvm-6b523a.o
    0x08006e1a   0x08006e1a   0x00000006   PAD
    0x08006e20   0x08006e20   0x00000158   Code   RO          606    .text.HAL_TIMEx_MasterConfigSynchronization  lto-llvm-6b523a.o
    0x08006f78   0x08006f78   0x000000a8   Code   RO          568    .text.HAL_TIM_Base_Init  lto-llvm-6b523a.o
    0x08007020   0x08007020   0x0000008c   Code   RO          186    .text.HAL_TIM_Base_MspInit  lto-llvm-6b523a.o
    0x080070ac   0x080070ac   0x00000004   PAD
    0x080070b0   0x080070b0   0x00000100   Code   RO          572    .text.HAL_TIM_Base_Start_IT  lto-llvm-6b523a.o
    0x080071b0   0x080071b0   0x00000008   Code   RO          582    .text.HAL_TIM_IC_CaptureCallback  lto-llvm-6b523a.o
    0x080071b8   0x080071b8   0x00000250   Code   RO          584    .text.HAL_TIM_IRQHandler  lto-llvm-6b523a.o
    0x08007408   0x08007408   0x00000208   Code   RO          188    .text.HAL_TIM_MspPostInit  lto-llvm-6b523a.o
    0x08007610   0x08007610   0x00000008   Code   RO          586    .text.HAL_TIM_OC_DelayElapsedCallback  lto-llvm-6b523a.o
    0x08007618   0x08007618   0x000001ac   Code   RO          602    .text.HAL_TIM_PWM_ConfigChannel  lto-llvm-6b523a.o
    0x080077c4   0x080077c4   0x00000004   PAD
    0x080077c8   0x080077c8   0x000000a8   Code   RO          578    .text.HAL_TIM_PWM_Init  lto-llvm-6b523a.o
    0x08007870   0x08007870   0x00000222   Code   RO          184    .text.HAL_TIM_PWM_MspInit  lto-llvm-6b523a.o
    0x08007a92   0x08007a92   0x00000006   PAD
    0x08007a98   0x08007a98   0x00000008   Code   RO          576    .text.HAL_TIM_PWM_PulseFinishedCallback  lto-llvm-6b523a.o
    0x08007aa0   0x08007aa0   0x00000234   Code   RO          580    .text.HAL_TIM_PWM_Start  lto-llvm-6b523a.o
    0x08007cd4   0x08007cd4   0x00000004   PAD
    0x08007cd8   0x08007cd8   0x00000114   Code   RO           98    .text.HAL_TIM_PeriodElapsedCallback  lto-llvm-6b523a.o
    0x08007dec   0x08007dec   0x00000004   PAD
    0x08007df0   0x08007df0   0x00000008   Code   RO          588    .text.HAL_TIM_TriggerCallback  lto-llvm-6b523a.o
    0x08007df8   0x08007df8   0x00000076   Code   RO          638    .text.IntToUnicode  lto-llvm-6b523a.o
    0x08007e6e   0x08007e6e   0x00000002   PAD
    0x08007e70   0x08007e70   0x00000008   Code   RO          174    .text.MDMA_IRQHandler  lto-llvm-6b523a.o
    0x08007e78   0x08007e78   0x0000010a   Code   RO          458    .text.MDMA_Init     lto-llvm-6b523a.o
    0x08007f82   0x08007f82   0x00000006   PAD
    0x08007f88   0x08007f88   0x000000c6   Code   RO          464    .text.MDMA_SetConfig  lto-llvm-6b523a.o
    0x0800804e   0x0800804e   0x00000002   PAD
    0x08008050   0x08008050   0x000001b2   Code   RO          104    .text.MX_GPIO_Init  lto-llvm-6b523a.o
    0x08008202   0x08008202   0x00000006   PAD
    0x08008208   0x08008208   0x00000034   Code   RO          106    .text.MX_MDMA_Init  lto-llvm-6b523a.o
    0x0800823c   0x0800823c   0x00000004   PAD
    0x08008240   0x08008240   0x0000003e   Code   RO          108    .text.MX_QUADSPI_Init  lto-llvm-6b523a.o
    0x0800827e   0x0800827e   0x00000002   PAD
    0x08008280   0x08008280   0x00000064   Code   RO          110    .text.MX_SPI1_Init  lto-llvm-6b523a.o
    0x080082e4   0x080082e4   0x00000004   PAD
    0x080082e8   0x080082e8   0x00000064   Code   RO          118    .text.MX_SPI2_Init  lto-llvm-6b523a.o
    0x0800834c   0x0800834c   0x00000004   PAD
    0x08008350   0x08008350   0x00000064   Code   RO          112    .text.MX_SPI3_Init  lto-llvm-6b523a.o
    0x080083b4   0x080083b4   0x00000004   PAD
    0x080083b8   0x080083b8   0x0000008c   Code   RO          114    .text.MX_TIM12_Init  lto-llvm-6b523a.o
    0x08008444   0x08008444   0x00000004   PAD
    0x08008448   0x08008448   0x00000034   Code   RO          116    .text.MX_TIM13_Init  lto-llvm-6b523a.o
    0x0800847c   0x0800847c   0x00000004   PAD
    0x08008480   0x08008480   0x00000032   Code   RO          120    .text.MX_TIM14_Init  lto-llvm-6b523a.o
    0x080084b2   0x080084b2   0x00000006   PAD
    0x080084b8   0x080084b8   0x000000e2   Code   RO          122    .text.MX_TIM1_Init  lto-llvm-6b523a.o
    0x0800859a   0x0800859a   0x00000006   PAD
    0x080085a0   0x080085a0   0x00000098   Code   RO          124    .text.MX_TIM2_Init  lto-llvm-6b523a.o
    0x08008638   0x08008638   0x0000009c   Code   RO          126    .text.MX_TIM3_Init  lto-llvm-6b523a.o
    0x080086d4   0x080086d4   0x00000004   PAD
    0x080086d8   0x080086d8   0x0000009c   Code   RO          128    .text.MX_TIM4_Init  lto-llvm-6b523a.o
    0x08008774   0x08008774   0x00000004   PAD
    0x08008778   0x08008778   0x0000009c   Code   RO          130    .text.MX_TIM5_Init  lto-llvm-6b523a.o
    0x08008814   0x08008814   0x00000004   PAD
    0x08008818   0x08008818   0x000000e2   Code   RO          132    .text.MX_TIM8_Init  lto-llvm-6b523a.o
    0x080088fa   0x080088fa   0x00000006   PAD
    0x08008900   0x08008900   0x00000048   Code   RO          620    .text.MX_USB_DEVICE_Init  lto-llvm-6b523a.o
    0x08008948   0x08008948   0x00000004   Code   RO          136    .text.NMI_Handler   lto-llvm-6b523a.o
    0x0800894c   0x0800894c   0x00000004   PAD
    0x08008950   0x08008950   0x00000062   Code   RO          486    .text.NVIC_EncodePriority  lto-llvm-6b523a.o
    0x080089b2   0x080089b2   0x00000006   PAD
    0x080089b8   0x080089b8   0x00000008   Code   RO          170    .text.OTG_HS_IRQHandler  lto-llvm-6b523a.o
    0x080089c0   0x080089c0   0x00000088   Code   RO          344    .text.PCD_EP_OutSetupPacket_int  lto-llvm-6b523a.o
    0x08008a48   0x08008a48   0x000001c6   Code   RO          342    .text.PCD_EP_OutXfrComplete_int  lto-llvm-6b523a.o
    0x08008c0e   0x08008c0e   0x00000002   PAD
    0x08008c10   0x08008c10   0x00000128   Code   RO          346    .text.PCD_WriteEmptyTxFifo  lto-llvm-6b523a.o
    0x08008d38   0x08008d38   0x000002ee   Code   RO          542    .text.QSPI_Config   lto-llvm-6b523a.o
    0x08009026   0x08009026   0x00000002   PAD
    0x08009028   0x08009028   0x00000058   Code   RO          536    .text.QSPI_DMAAbortCplt  lto-llvm-6b523a.o
    0x08009080   0x08009080   0x00000036   Code   RO          544    .text.QSPI_DMAError  lto-llvm-6b523a.o
    0x080090b6   0x080090b6   0x00000002   PAD
    0x080090b8   0x080090b8   0x00000020   Code   RO          550    .text.QSPI_DMARxCplt  lto-llvm-6b523a.o
    0x080090d8   0x080090d8   0x000000a6   Code   RO          318    .text.QSPI_ReadDatas_DMA  lto-llvm-6b523a.o
    0x0800917e   0x0800917e   0x00000002   PAD
    0x08009180   0x08009180   0x0000007a   Code   RO          518    .text.QSPI_WaitFlagStateUntilTimeout  lto-llvm-6b523a.o
    0x080091fa   0x080091fa   0x00000006   PAD
    0x08009200   0x08009200   0x00000008   Code   RO          172    .text.QUADSPI_IRQHandler  lto-llvm-6b523a.o
    0x08009208   0x08009208   0x000001c8   Code   RO          444    .text.RCCEx_PLL2_Config  lto-llvm-6b523a.o
    0x080093d0   0x080093d0   0x000001c8   Code   RO          446    .text.RCCEx_PLL3_Config  lto-llvm-6b523a.o
    0x08009598   0x08009598   0x00000116   Code   RO          562    .text.SPI_CloseTransfer  lto-llvm-6b523a.o
    0x080096ae   0x080096ae   0x00000002   PAD
    0x080096b0   0x080096b0   0x0000002a   Code   RO          558    .text.SPI_GetPacketSize  lto-llvm-6b523a.o
    0x080096da   0x080096da   0x00000006   PAD
    0x080096e0   0x080096e0   0x0000006a   Code   RO          564    .text.SPI_WaitOnFlagUntilTimeout  lto-llvm-6b523a.o
    0x0800974a   0x0800974a   0x00000006   PAD
    0x08009750   0x08009750   0x00000002   Code   RO          142    .text.SVC_Handler   lto-llvm-6b523a.o
    0x08009752   0x08009752   0x00000006   PAD
    0x08009758   0x08009758   0x00000036   Code   RO          772    .text.SWAPBYTE      lto-llvm-6b523a.o
    0x0800978e   0x0800978e   0x00000002   PAD
    0x08009790   0x08009790   0x00000052   Code   RO          500    .text.SysTick_Config  lto-llvm-6b523a.o
    0x080097e2   0x080097e2   0x00000006   PAD
    0x080097e8   0x080097e8   0x00000008   Code   RO         1008    .text.SysTick_Handler  lto-llvm-6b523a.o
    0x080097f0   0x080097f0   0x000000de   Code   RO          102    .text.SystemClock_Config  lto-llvm-6b523a.o
    0x080098ce   0x080098ce   0x00000002   PAD
    0x080098d0   0x080098d0   0x000002f4   Code   RO          616    .text.SystemCoreClockUpdate  lto-llvm-6b523a.o
    0x08009bc4   0x08009bc4   0x00000004   PAD
    0x08009bc8   0x08009bc8   0x00000186   Code   RO          614    .text.SystemInit    lto-llvm-6b523a.o
    0x08009d4e   0x08009d4e   0x00000002   PAD
    0x08009d50   0x08009d50   0x00000010   Code   RO          146    .text.TIM1_BRK_IRQHandler  lto-llvm-6b523a.o
    0x08009d60   0x08009d60   0x00000010   Code   RO          152    .text.TIM1_CC_IRQHandler  lto-llvm-6b523a.o
    0x08009d70   0x08009d70   0x00000010   Code   RO          150    .text.TIM1_TRG_COM_IRQHandler  lto-llvm-6b523a.o
    0x08009d80   0x08009d80   0x00000010   Code   RO          148    .text.TIM1_UP_IRQHandler  lto-llvm-6b523a.o
    0x08009d90   0x08009d90   0x00000024   Code   RO          294    .text.TIM1_task     lto-llvm-6b523a.o
    0x08009db4   0x08009db4   0x00000004   PAD
    0x08009db8   0x08009db8   0x00000010   Code   RO          154    .text.TIM2_IRQHandler  lto-llvm-6b523a.o
    0x08009dc8   0x08009dc8   0x00000024   Code   RO          296    .text.TIM2_task     lto-llvm-6b523a.o
    0x08009dec   0x08009dec   0x00000004   PAD
    0x08009df0   0x08009df0   0x00000010   Code   RO          156    .text.TIM3_IRQHandler  lto-llvm-6b523a.o
    0x08009e00   0x08009e00   0x00000024   Code   RO          298    .text.TIM3_task     lto-llvm-6b523a.o
    0x08009e24   0x08009e24   0x00000004   PAD
    0x08009e28   0x08009e28   0x00000010   Code   RO          158    .text.TIM4_IRQHandler  lto-llvm-6b523a.o
    0x08009e38   0x08009e38   0x00000024   Code   RO          300    .text.TIM4_task     lto-llvm-6b523a.o
    0x08009e5c   0x08009e5c   0x00000004   PAD
    0x08009e60   0x08009e60   0x00000010   Code   RO          168    .text.TIM5_IRQHandler  lto-llvm-6b523a.o
    0x08009e70   0x08009e70   0x00000024   Code   RO          302    .text.TIM5_task     lto-llvm-6b523a.o
    0x08009e94   0x08009e94   0x00000004   PAD
    0x08009e98   0x08009e98   0x0000001c   Code   RO          160    .text.TIM8_BRK_TIM12_IRQHandler  lto-llvm-6b523a.o
    0x08009eb4   0x08009eb4   0x00000004   PAD
    0x08009eb8   0x08009eb8   0x00000010   Code   RO          166    .text.TIM8_CC_IRQHandler  lto-llvm-6b523a.o
    0x08009ec8   0x08009ec8   0x0000001c   Code   RO          164    .text.TIM8_TRG_COM_TIM14_IRQHandler  lto-llvm-6b523a.o
    0x08009ee4   0x08009ee4   0x00000004   PAD
    0x08009ee8   0x08009ee8   0x0000001c   Code   RO          162    .text.TIM8_UP_TIM13_IRQHandler  lto-llvm-6b523a.o
    0x08009f04   0x08009f04   0x00000004   PAD
    0x08009f08   0x08009f08   0x00000024   Code   RO          304    .text.TIM8_task     lto-llvm-6b523a.o
    0x08009f2c   0x08009f2c   0x00000004   PAD
    0x08009f30   0x08009f30   0x000001a4   Code   RO          570    .text.TIM_Base_SetConfig  lto-llvm-6b523a.o
    0x0800a0d4   0x0800a0d4   0x00000004   PAD
    0x0800a0d8   0x0800a0d8   0x00000036   Code   RO          574    .text.TIM_CCxChannelCmd  lto-llvm-6b523a.o
    0x0800a10e   0x0800a10e   0x00000002   PAD
    0x0800a110   0x0800a110   0x00000152   Code   RO          590    .text.TIM_OC1_SetConfig  lto-llvm-6b523a.o
    0x0800a262   0x0800a262   0x00000006   PAD
    0x0800a268   0x0800a268   0x00000162   Code   RO          592    .text.TIM_OC2_SetConfig  lto-llvm-6b523a.o
    0x0800a3ca   0x0800a3ca   0x00000006   PAD
    0x0800a3d0   0x0800a3d0   0x00000160   Code   RO          594    .text.TIM_OC3_SetConfig  lto-llvm-6b523a.o
    0x0800a530   0x0800a530   0x000000da   Code   RO          596    .text.TIM_OC4_SetConfig  lto-llvm-6b523a.o
    0x0800a60a   0x0800a60a   0x00000006   PAD
    0x0800a610   0x0800a610   0x000000d0   Code   RO          598    .text.TIM_OC5_SetConfig  lto-llvm-6b523a.o
    0x0800a6e0   0x0800a6e0   0x000000d2   Code   RO          600    .text.TIM_OC6_SetConfig  lto-llvm-6b523a.o
    0x0800a7b2   0x0800a7b2   0x00000006   PAD
    0x0800a7b8   0x0800a7b8   0x000000fc   Code   RO          798    .text.USBD_CDC_DataIn  lto-llvm-6b523a.o
    0x0800a8b4   0x0800a8b4   0x00000004   PAD
    0x0800a8b8   0x0800a8b8   0x00000070   Code   RO          800    .text.USBD_CDC_DataOut  lto-llvm-6b523a.o
    0x0800a928   0x0800a928   0x00000090   Code   RO          792    .text.USBD_CDC_DeInit  lto-llvm-6b523a.o
    0x0800a9b8   0x0800a9b8   0x00000078   Code   RO          796    .text.USBD_CDC_EP0_RxReady  lto-llvm-6b523a.o
    0x0800aa30   0x0800aa30   0x00000016   Code   RO          808    .text.USBD_CDC_GetDeviceQualifierDescriptor  lto-llvm-6b523a.o
    0x0800aa46   0x0800aa46   0x00000002   PAD
    0x0800aa48   0x0800aa48   0x0000005a   Code   RO          804    .text.USBD_CDC_GetFSCfgDesc  lto-llvm-6b523a.o
    0x0800aaa2   0x0800aaa2   0x00000006   PAD
    0x0800aaa8   0x0800aaa8   0x0000005e   Code   RO          802    .text.USBD_CDC_GetHSCfgDesc  lto-llvm-6b523a.o
    0x0800ab06   0x0800ab06   0x00000002   PAD
    0x0800ab08   0x0800ab08   0x0000005a   Code   RO          806    .text.USBD_CDC_GetOtherSpeedCfgDesc  lto-llvm-6b523a.o
    0x0800ab62   0x0800ab62   0x00000006   PAD
    0x0800ab68   0x0800ab68   0x00000158   Code   RO          790    .text.USBD_CDC_Init  lto-llvm-6b523a.o
    0x0800acc0   0x0800acc0   0x0000006e   Code   RO          818    .text.USBD_CDC_ReceivePacket  lto-llvm-6b523a.o
    0x0800ad2e   0x0800ad2e   0x00000002   PAD
    0x0800ad30   0x0800ad30   0x00000034   Code   RO          810    .text.USBD_CDC_RegisterInterface  lto-llvm-6b523a.o
    0x0800ad64   0x0800ad64   0x00000004   PAD
    0x0800ad68   0x0800ad68   0x0000003c   Code   RO          814    .text.USBD_CDC_SetRxBuffer  lto-llvm-6b523a.o
    0x0800ada4   0x0800ada4   0x00000004   PAD
    0x0800ada8   0x0800ada8   0x00000046   Code   RO          812    .text.USBD_CDC_SetTxBuffer  lto-llvm-6b523a.o
    0x0800adee   0x0800adee   0x00000002   PAD
    0x0800adf0   0x0800adf0   0x000001b4   Code   RO          794    .text.USBD_CDC_Setup  lto-llvm-6b523a.o
    0x0800afa4   0x0800afa4   0x00000004   PAD
    0x0800afa8   0x0800afa8   0x00000074   Code   RO          816    .text.USBD_CDC_TransmitPacket  lto-llvm-6b523a.o
    0x0800b01c   0x0800b01c   0x00000004   PAD
    0x0800b020   0x0800b020   0x0000002e   Code   RO          714    .text.USBD_ClrClassConfig  lto-llvm-6b523a.o
    0x0800b04e   0x0800b04e   0x00000002   PAD
    0x0800b050   0x0800b050   0x00000040   Code   RO          762    .text.USBD_ClrFeature  lto-llvm-6b523a.o
    0x0800b090   0x0800b090   0x0000000c   Code   RO          722    .text.USBD_CoreFindEP  lto-llvm-6b523a.o
    0x0800b09c   0x0800b09c   0x00000004   PAD
    0x0800b0a0   0x0800b0a0   0x0000000c   Code   RO          720    .text.USBD_CoreFindIF  lto-llvm-6b523a.o
    0x0800b0ac   0x0800b0ac   0x00000004   PAD
    0x0800b0b0   0x0800b0b0   0x0000001a   Code   RO          784    .text.USBD_CtlContinueRx  lto-llvm-6b523a.o
    0x0800b0ca   0x0800b0ca   0x00000006   PAD
    0x0800b0d0   0x0800b0d0   0x0000001a   Code   RO          780    .text.USBD_CtlContinueSendData  lto-llvm-6b523a.o
    0x0800b0ea   0x0800b0ea   0x00000006   PAD
    0x0800b0f0   0x0800b0f0   0x0000001c   Code   RO          764    .text.USBD_CtlError  lto-llvm-6b523a.o
    0x0800b10c   0x0800b10c   0x00000004   PAD
    0x0800b110   0x0800b110   0x0000003c   Code   RO          782    .text.USBD_CtlPrepareRx  lto-llvm-6b523a.o
    0x0800b14c   0x0800b14c   0x00000004   PAD
    0x0800b150   0x0800b150   0x0000001e   Code   RO          788    .text.USBD_CtlReceiveStatus  lto-llvm-6b523a.o
    0x0800b16e   0x0800b16e   0x00000002   PAD
    0x0800b170   0x0800b170   0x0000003c   Code   RO          778    .text.USBD_CtlSendData  lto-llvm-6b523a.o
    0x0800b1ac   0x0800b1ac   0x00000004   PAD
    0x0800b1b0   0x0800b1b0   0x0000001e   Code   RO          786    .text.USBD_CtlSendStatus  lto-llvm-6b523a.o
    0x0800b1ce   0x0800b1ce   0x00000002   PAD
    0x0800b1d0   0x0800b1d0   0x00000060   Code   RO          756    .text.USBD_GetConfig  lto-llvm-6b523a.o
    0x0800b230   0x0800b230   0x0000030c   Code   RO          750    .text.USBD_GetDescriptor  lto-llvm-6b523a.o
    0x0800b53c   0x0800b53c   0x00000004   PAD
    0x0800b540   0x0800b540   0x00000080   Code   RO          744    .text.USBD_GetEpDesc  lto-llvm-6b523a.o
    0x0800b5c0   0x0800b5c0   0x00000032   Code   RO          776    .text.USBD_GetLen   lto-llvm-6b523a.o
    0x0800b5f2   0x0800b5f2   0x00000006   PAD
    0x0800b5f8   0x0800b5f8   0x00000026   Code   RO          746    .text.USBD_GetNextDesc  lto-llvm-6b523a.o
    0x0800b61e   0x0800b61e   0x00000002   PAD
    0x0800b620   0x0800b620   0x00000068   Code   RO          758    .text.USBD_GetStatus  lto-llvm-6b523a.o
    0x0800b688   0x0800b688   0x000000bc   Code   RO          774    .text.USBD_GetString  lto-llvm-6b523a.o
    0x0800b744   0x0800b744   0x00000004   PAD
    0x0800b748   0x0800b748   0x0000004c   Code   RO          678    .text.USBD_Get_USB_Status  lto-llvm-6b523a.o
    0x0800b794   0x0800b794   0x00000004   PAD
    0x0800b798   0x0800b798   0x0000003e   Code   RO          632    .text.USBD_HS_ConfigStrDescriptor  lto-llvm-6b523a.o
    0x0800b7d6   0x0800b7d6   0x00000002   PAD
    0x0800b7d8   0x0800b7d8   0x0000001a   Code   RO          622    .text.USBD_HS_DeviceDescriptor  lto-llvm-6b523a.o
    0x0800b7f2   0x0800b7f2   0x00000006   PAD
    0x0800b7f8   0x0800b7f8   0x0000003e   Code   RO          634    .text.USBD_HS_InterfaceStrDescriptor  lto-llvm-6b523a.o
    0x0800b836   0x0800b836   0x00000002   PAD
    0x0800b838   0x0800b838   0x0000001a   Code   RO          624    .text.USBD_HS_LangIDStrDescriptor  lto-llvm-6b523a.o
    0x0800b852   0x0800b852   0x00000006   PAD
    0x0800b858   0x0800b858   0x00000024   Code   RO          626    .text.USBD_HS_ManufacturerStrDescriptor  lto-llvm-6b523a.o
    0x0800b87c   0x0800b87c   0x00000004   PAD
    0x0800b880   0x0800b880   0x0000003e   Code   RO          628    .text.USBD_HS_ProductStrDescriptor  lto-llvm-6b523a.o
    0x0800b8be   0x0800b8be   0x00000002   PAD
    0x0800b8c0   0x0800b8c0   0x00000020   Code   RO          630    .text.USBD_HS_SerialStrDescriptor  lto-llvm-6b523a.o
    0x0800b8e0   0x0800b8e0   0x0000007e   Code   RO          704    .text.USBD_Init     lto-llvm-6b523a.o
    0x0800b95e   0x0800b95e   0x00000002   PAD
    0x0800b960   0x0800b960   0x00000036   Code   RO          688    .text.USBD_LL_ClearStallEP  lto-llvm-6b523a.o
    0x0800b996   0x0800b996   0x00000002   PAD
    0x0800b998   0x0800b998   0x0000003a   Code   RO          684    .text.USBD_LL_CloseEP  lto-llvm-6b523a.o
    0x0800b9d2   0x0800b9d2   0x00000006   PAD
    0x0800b9d8   0x0800b9d8   0x00000198   Code   RO          724    .text.USBD_LL_DataInStage  lto-llvm-6b523a.o
    0x0800bb70   0x0800bb70   0x000001a6   Code   RO          718    .text.USBD_LL_DataOutStage  lto-llvm-6b523a.o
    0x0800bd16   0x0800bd16   0x00000002   PAD
    0x0800bd18   0x0800bd18   0x00000008   Code   RO          740    .text.USBD_LL_DevConnected  lto-llvm-6b523a.o
    0x0800bd20   0x0800bd20   0x0000003c   Code   RO          742    .text.USBD_LL_DevDisconnected  lto-llvm-6b523a.o
    0x0800bd5c   0x0800bd5c   0x00000004   PAD
    0x0800bd60   0x0800bd60   0x0000001c   Code   RO          698    .text.USBD_LL_GetRxDataSize  lto-llvm-6b523a.o
    0x0800bd7c   0x0800bd7c   0x00000004   PAD
    0x0800bd80   0x0800bd80   0x0000006e   Code   RO          676    .text.USBD_LL_Init  lto-llvm-6b523a.o
    0x0800bdee   0x0800bdee   0x00000002   PAD
    0x0800bdf0   0x0800bdf0   0x0000005a   Code   RO          690    .text.USBD_LL_IsStallEP  lto-llvm-6b523a.o
    0x0800be4a   0x0800be4a   0x00000006   PAD
    0x0800be50   0x0800be50   0x0000006a   Code   RO          736    .text.USBD_LL_IsoINIncomplete  lto-llvm-6b523a.o
    0x0800beba   0x0800beba   0x00000006   PAD
    0x0800bec0   0x0800bec0   0x0000006a   Code   RO          738    .text.USBD_LL_IsoOUTIncomplete  lto-llvm-6b523a.o
    0x0800bf2a   0x0800bf2a   0x00000006   PAD
    0x0800bf30   0x0800bf30   0x0000004a   Code   RO          682    .text.USBD_LL_OpenEP  lto-llvm-6b523a.o
    0x0800bf7a   0x0800bf7a   0x00000006   PAD
    0x0800bf80   0x0800bf80   0x00000042   Code   RO          696    .text.USBD_LL_PrepareReceive  lto-llvm-6b523a.o
    0x0800bfc2   0x0800bfc2   0x00000006   PAD
    0x0800bfc8   0x0800bfc8   0x00000092   Code   RO          726    .text.USBD_LL_Reset  lto-llvm-6b523a.o
    0x0800c05a   0x0800c05a   0x00000006   PAD
    0x0800c060   0x0800c060   0x00000022   Code   RO          732    .text.USBD_LL_Resume  lto-llvm-6b523a.o
    0x0800c082   0x0800c082   0x00000006   PAD
    0x0800c088   0x0800c088   0x0000003c   Code   RO          734    .text.USBD_LL_SOF   lto-llvm-6b523a.o
    0x0800c0c4   0x0800c0c4   0x00000004   PAD
    0x0800c0c8   0x0800c0c8   0x00000014   Code   RO          728    .text.USBD_LL_SetSpeed  lto-llvm-6b523a.o
    0x0800c0dc   0x0800c0dc   0x00000004   PAD
    0x0800c0e0   0x0800c0e0   0x00000036   Code   RO          692    .text.USBD_LL_SetUSBAddress  lto-llvm-6b523a.o
    0x0800c116   0x0800c116   0x00000002   PAD
    0x0800c118   0x0800c118   0x00000088   Code   RO          716    .text.USBD_LL_SetupStage  lto-llvm-6b523a.o
    0x0800c1a0   0x0800c1a0   0x0000003a   Code   RO          686    .text.USBD_LL_StallEP  lto-llvm-6b523a.o
    0x0800c1da   0x0800c1da   0x00000006   PAD
    0x0800c1e0   0x0800c1e0   0x00000032   Code   RO          680    .text.USBD_LL_Start  lto-llvm-6b523a.o
    0x0800c212   0x0800c212   0x00000006   PAD
    0x0800c218   0x0800c218   0x0000002a   Code   RO          730    .text.USBD_LL_Suspend  lto-llvm-6b523a.o
    0x0800c242   0x0800c242   0x00000006   PAD
    0x0800c248   0x0800c248   0x00000042   Code   RO          694    .text.USBD_LL_Transmit  lto-llvm-6b523a.o
    0x0800c28a   0x0800c28a   0x00000006   PAD
    0x0800c290   0x0800c290   0x00000062   Code   RO          770    .text.USBD_ParseSetupRequest  lto-llvm-6b523a.o
    0x0800c2f2   0x0800c2f2   0x00000006   PAD
    0x0800c2f8   0x0800c2f8   0x00000082   Code   RO          706    .text.USBD_RegisterClass  lto-llvm-6b523a.o
    0x0800c37a   0x0800c37a   0x00000006   PAD
    0x0800c380   0x0800c380   0x00000008   Code   RO          710    .text.USBD_RunTestMode  lto-llvm-6b523a.o
    0x0800c388   0x0800c388   0x0000008c   Code   RO          752    .text.USBD_SetAddress  lto-llvm-6b523a.o
    0x0800c414   0x0800c414   0x00000004   PAD
    0x0800c418   0x0800c418   0x00000036   Code   RO          712    .text.USBD_SetClassConfig  lto-llvm-6b523a.o
    0x0800c44e   0x0800c44e   0x00000002   PAD
    0x0800c450   0x0800c450   0x00000180   Code   RO          754    .text.USBD_SetConfig  lto-llvm-6b523a.o
    0x0800c5d0   0x0800c5d0   0x0000004e   Code   RO          760    .text.USBD_SetFeature  lto-llvm-6b523a.o
    0x0800c61e   0x0800c61e   0x00000002   PAD
    0x0800c620   0x0800c620   0x00000018   Code   RO          708    .text.USBD_Start    lto-llvm-6b523a.o
    0x0800c638   0x0800c638   0x000000be   Code   RO          748    .text.USBD_StdDevReq  lto-llvm-6b523a.o
    0x0800c6f6   0x0800c6f6   0x00000002   PAD
    0x0800c6f8   0x0800c6f8   0x00000386   Code   RO          768    .text.USBD_StdEPReq  lto-llvm-6b523a.o
    0x0800ca7e   0x0800ca7e   0x00000002   PAD
    0x0800ca80   0x0800ca80   0x000000ee   Code   RO          766    .text.USBD_StdItfReq  lto-llvm-6b523a.o
    0x0800cb6e   0x0800cb6e   0x00000002   PAD
    0x0800cb70   0x0800cb70   0x00000008   Code   RO          702    .text.USBD_static_free  lto-llvm-6b523a.o
    0x0800cb78   0x0800cb78   0x0000000c   Code   RO          700    .text.USBD_static_malloc  lto-llvm-6b523a.o
    0x0800cb84   0x0800cb84   0x00000004   PAD
    0x0800cb88   0x0800cb88   0x000000de   Code   RO          398    .text.USB_ActivateEndpoint  lto-llvm-6b523a.o
    0x0800cc66   0x0800cc66   0x00000002   PAD
    0x0800cc68   0x0800cc68   0x0000002a   Code   RO          430    .text.USB_ActivateSetup  lto-llvm-6b523a.o
    0x0800cc92   0x0800cc92   0x00000006   PAD
    0x0800cc98   0x0800cc98   0x000000f6   Code   RO          374    .text.USB_CoreInit  lto-llvm-6b523a.o
    0x0800cd8e   0x0800cd8e   0x00000002   PAD
    0x0800cd90   0x0800cd90   0x00000086   Code   RO          376    .text.USB_CoreReset  lto-llvm-6b523a.o
    0x0800ce16   0x0800ce16   0x00000002   PAD
    0x0800ce18   0x0800ce18   0x00000146   Code   RO          400    .text.USB_DeactivateEndpoint  lto-llvm-6b523a.o
    0x0800cf5e   0x0800cf5e   0x00000002   PAD
    0x0800cf60   0x0800cf60   0x00000028   Code   RO          416    .text.USB_DevConnect  lto-llvm-6b523a.o
    0x0800cf88   0x0800cf88   0x00000028   Code   RO          418    .text.USB_DevDisconnect  lto-llvm-6b523a.o
    0x0800cfb0   0x0800cfb0   0x00000290   Code   RO          388    .text.USB_DevInit   lto-llvm-6b523a.o
    0x0800d240   0x0800d240   0x00000012   Code   RO          382    .text.USB_DisableGlobalInt  lto-llvm-6b523a.o
    0x0800d252   0x0800d252   0x00000006   PAD
    0x0800d258   0x0800d258   0x0000009a   Code   RO          432    .text.USB_EP0_OutStart  lto-llvm-6b523a.o
    0x0800d2f2   0x0800d2f2   0x00000006   PAD
    0x0800d2f8   0x0800d2f8   0x0000009e   Code   RO          410    .text.USB_EPClearStall  lto-llvm-6b523a.o
    0x0800d396   0x0800d396   0x00000002   PAD
    0x0800d398   0x0800d398   0x000000a6   Code   RO          408    .text.USB_EPSetStall  lto-llvm-6b523a.o
    0x0800d43e   0x0800d43e   0x00000002   PAD
    0x0800d440   0x0800d440   0x000003f4   Code   RO          402    .text.USB_EPStartXfer  lto-llvm-6b523a.o
    0x0800d834   0x0800d834   0x00000004   PAD
    0x0800d838   0x0800d838   0x000001c2   Code   RO          406    .text.USB_EPStopXfer  lto-llvm-6b523a.o
    0x0800d9fa   0x0800d9fa   0x00000006   PAD
    0x0800da00   0x0800da00   0x00000012   Code   RO          380    .text.USB_EnableGlobalInt  lto-llvm-6b523a.o
    0x0800da12   0x0800da12   0x00000006   PAD
    0x0800da18   0x0800da18   0x00000074   Code   RO          394    .text.USB_FlushRxFifo  lto-llvm-6b523a.o
    0x0800da8c   0x0800da8c   0x00000004   PAD
    0x0800da90   0x0800da90   0x0000007a   Code   RO          392    .text.USB_FlushTxFifo  lto-llvm-6b523a.o
    0x0800db0a   0x0800db0a   0x00000006   PAD
    0x0800db10   0x0800db10   0x0000004c   Code   RO          396    .text.USB_GetDevSpeed  lto-llvm-6b523a.o
    0x0800db5c   0x0800db5c   0x00000004   PAD
    0x0800db60   0x0800db60   0x00000010   Code   RO          386    .text.USB_GetMode   lto-llvm-6b523a.o
    0x0800db70   0x0800db70   0x00000024   Code   RO          424    .text.USB_ReadDevAllInEpInterrupt  lto-llvm-6b523a.o
    0x0800db94   0x0800db94   0x00000004   PAD
    0x0800db98   0x0800db98   0x00000024   Code   RO          422    .text.USB_ReadDevAllOutEpInterrupt  lto-llvm-6b523a.o
    0x0800dbbc   0x0800dbbc   0x00000004   PAD
    0x0800dbc0   0x0800dbc0   0x0000004e   Code   RO          428    .text.USB_ReadDevInEPInterrupt  lto-llvm-6b523a.o
    0x0800dc0e   0x0800dc0e   0x00000002   PAD
    0x0800dc10   0x0800dc10   0x0000002e   Code   RO          426    .text.USB_ReadDevOutEPInterrupt  lto-llvm-6b523a.o
    0x0800dc3e   0x0800dc3e   0x00000002   PAD
    0x0800dc40   0x0800dc40   0x0000001a   Code   RO          420    .text.USB_ReadInterrupts  lto-llvm-6b523a.o
    0x0800dc5a   0x0800dc5a   0x00000006   PAD
    0x0800dc60   0x0800dc60   0x000000b2   Code   RO          412    .text.USB_ReadPacket  lto-llvm-6b523a.o
    0x0800dd12   0x0800dd12   0x00000006   PAD
    0x0800dd18   0x0800dd18   0x000000ce   Code   RO          384    .text.USB_SetCurrentMode  lto-llvm-6b523a.o
    0x0800dde6   0x0800dde6   0x00000002   PAD
    0x0800dde8   0x0800dde8   0x00000034   Code   RO          414    .text.USB_SetDevAddress  lto-llvm-6b523a.o
    0x0800de1c   0x0800de1c   0x00000004   PAD
    0x0800de20   0x0800de20   0x00000020   Code   RO          390    .text.USB_SetDevSpeed  lto-llvm-6b523a.o
    0x0800de40   0x0800de40   0x000001b8   Code   RO          378    .text.USB_SetTurnaroundTime  lto-llvm-6b523a.o
    0x0800dff8   0x0800dff8   0x0000007c   Code   RO          404    .text.USB_WritePacket  lto-llvm-6b523a.o
    0x0800e074   0x0800e074   0x00000004   PAD
    0x0800e078   0x0800e078   0x00000004   Code   RO          140    .text.UsageFault_Handler  lto-llvm-6b523a.o
    0x0800e07c   0x0800e07c   0x00000004   PAD
    0x0800e080   0x0800e080   0x0000003a   Code   RO          496    .text.__NVIC_DisableIRQ  lto-llvm-6b523a.o
    0x0800e0ba   0x0800e0ba   0x00000006   PAD
    0x0800e0c0   0x0800e0c0   0x00000032   Code   RO          492    .text.__NVIC_EnableIRQ  lto-llvm-6b523a.o
    0x0800e0f2   0x0800e0f2   0x00000006   PAD
    0x0800e0f8   0x0800e0f8   0x00000010   Code   RO          484    .text.__NVIC_GetPriorityGrouping  lto-llvm-6b523a.o
    0x0800e108   0x0800e108   0x00000042   Code   RO          488    .text.__NVIC_SetPriority  lto-llvm-6b523a.o
    0x0800e14a   0x0800e14a   0x00000006   PAD
    0x0800e150   0x0800e150   0x0000003c   Code   RO          480    .text.__NVIC_SetPriorityGrouping  lto-llvm-6b523a.o
    0x0800e18c   0x0800e18c   0x00000004   PAD
    0x0800e190   0x0800e190   0x0000007e   Code   RO          892    .text.__rt_ffs      lto-llvm-6b523a.o
    0x0800e20e   0x0800e20e   0x00000002   PAD
    0x0800e210   0x0800e210   0x0000001c   Code   RO          850    .text._has_defunct_thread  lto-llvm-6b523a.o
    0x0800e22c   0x0800e22c   0x00000004   PAD
    0x0800e230   0x0800e230   0x000000aa   Code   RO          948    .text._rt_thread_init  lto-llvm-6b523a.o
    0x0800e2da   0x0800e2da   0x00000006   PAD
    0x0800e2e0   0x0800e2e0   0x00000066   Code   RO          976    .text._rt_timer_init  lto-llvm-6b523a.o
    0x0800e346   0x0800e346   0x00000002   PAD
    0x0800e348   0x0800e348   0x00000030   Code   RO          982    .text._rt_timer_remove  lto-llvm-6b523a.o
    0x0800e378   0x0800e378   0x00000026   Code   RO          942    .text._thread_cleanup_execute  lto-llvm-6b523a.o
    0x0800e39e   0x0800e39e   0x00000002   PAD
    0x0800e3a0   0x0800e3a0   0x00000012   Code   RO          328    .text.adcFunc_task_entry  lto-llvm-6b523a.o
    0x0800e3b2   0x0800e3b2   0x00000006   PAD
    0x0800e3b8   0x0800e3b8   0x00000820   Code   RO          192    .text.adcFunction_thread  lto-llvm-6b523a.o
    0x0800ebd8   0x0800ebd8   0x000000a2   Code   RO          190    .text.adcFunction_tim_task  lto-llvm-6b523a.o
    0x0800ec7a   0x0800ec7a   0x00000006   PAD
    0x0800ec80   0x0800ec80   0x00000074   Code   RO          282    .text.adc_dac_paramCalcThread  lto-llvm-6b523a.o
    0x0800ecf4   0x0800ecf4   0x00000004   PAD
    0x0800ecf8   0x0800ecf8   0x0000002e   Code   RO          284    .text.calc_ddsDacCalibData  lto-llvm-6b523a.o
    0x0800ed26   0x0800ed26   0x00000002   PAD
    0x0800ed28   0x0800ed28   0x00000068   Code   RO          308    .text.checkCrc16WithTail  lto-llvm-6b523a.o
    0x0800ed90   0x0800ed90   0x000008f0   Code   RO          286    .text.ddsDacCalc    lto-llvm-6b523a.o
    0x0800f680   0x0800f680   0x00000136   Code   RO          288    .text.ddsDac_tim_task  lto-llvm-6b523a.o
    0x0800f7b6   0x0800f7b6   0x00000002   PAD
    0x0800f7b8   0x0800f7b8   0x0000037e   Code   RO          290    .text.dio_tim_task  lto-llvm-6b523a.o
    0x0800fb36   0x0800fb36   0x00000002   PAD
    0x0800fb38   0x0800fb38   0x000000a2   Code   RO          320    .text.fpga_read_register  lto-llvm-6b523a.o
    0x0800fbda   0x0800fbda   0x00000006   PAD
    0x0800fbe0   0x0800fbe0   0x00000096   Code   RO          324    .text.fpga_write_register  lto-llvm-6b523a.o
    0x0800fc76   0x0800fc76   0x00000002   PAD
    0x0800fc78   0x0800fc78   0x000004c8   Code   RO          268    .text.fram_read_datas  lto-llvm-6b523a.o
    0x08010140   0x08010140   0x00000018   Code   RO          310    .text.fram_tick_delay  lto-llvm-6b523a.o
    0x08010158   0x08010158   0x00000008   Code   RO          270    .text.fram_write_datas  lto-llvm-6b523a.o
    0x08010160   0x08010160   0x00000236   Code   RO          292    .text.fun_calcPwmParam  lto-llvm-6b523a.o
    0x08010396   0x08010396   0x00000002   PAD
    0x08010398   0x08010398   0x000000c6   Code   RO          248    .text.fun_clearAdcCalib  lto-llvm-6b523a.o
    0x0801045e   0x0801045e   0x00000002   PAD
    0x08010460   0x08010460   0x000000ac   Code   RO          230    .text.fun_clearDdsDacCalib  lto-llvm-6b523a.o
    0x0801050c   0x0801050c   0x00000004   PAD
    0x08010510   0x08010510   0x0000016a   Code   RO          224    .text.fun_ddsDacGetCalibParam  lto-llvm-6b523a.o
    0x0801067a   0x0801067a   0x00000006   PAD
    0x08010680   0x08010680   0x0000005e   Code   RO          250    .text.fun_enterAdcCalibMode  lto-llvm-6b523a.o
    0x080106de   0x080106de   0x00000002   PAD
    0x080106e0   0x080106e0   0x000000d4   Code   RO          194    .text.fun_getAdcParam  lto-llvm-6b523a.o
    0x080107b4   0x080107b4   0x00000004   PAD
    0x080107b8   0x080107b8   0x00000220   Code   RO          262    .text.fun_getSettingParam  lto-llvm-6b523a.o
    0x080109d8   0x080109d8   0x000001c4   Code   RO          202    .text.fun_msgGetAdcValue  lto-llvm-6b523a.o
    0x08010b9c   0x08010b9c   0x00000004   PAD
    0x08010ba0   0x08010ba0   0x00000122   Code   RO          256    .text.fun_msgGetCalibVolt  lto-llvm-6b523a.o
    0x08010cc2   0x08010cc2   0x00000006   PAD
    0x08010cc8   0x08010cc8   0x00000126   Code   RO          222    .text.fun_msgGetDdsDacParam  lto-llvm-6b523a.o
    0x08010dee   0x08010dee   0x00000002   PAD
    0x08010df0   0x08010df0   0x00000166   Code   RO          236    .text.fun_msgGetIoAll  lto-llvm-6b523a.o
    0x08010f56   0x08010f56   0x00000002   PAD
    0x08010f58   0x08010f58   0x00000394   Code   RO          264    .text.fun_msgProcess_task  lto-llvm-6b523a.o
    0x080112ec   0x080112ec   0x00000004   PAD
    0x080112f0   0x080112f0   0x00000028   Code   RO          208    .text.fun_msgReadSramRecordDatas  lto-llvm-6b523a.o
    0x08011318   0x08011318   0x0000003c   Code   RO          196    .text.fun_msgSetAdcChState  lto-llvm-6b523a.o
    0x08011354   0x08011354   0x00000004   PAD
    0x08011358   0x08011358   0x00000036   Code   RO          198    .text.fun_msgSetAdcDiffState  lto-llvm-6b523a.o
    0x0801138e   0x0801138e   0x00000002   PAD
    0x08011390   0x08011390   0x00000050   Code   RO          200    .text.fun_msgSetAdcSamplingRate  lto-llvm-6b523a.o
    0x080113e0   0x080113e0   0x000000bc   Code   RO          216    .text.fun_msgSetDdsDacParam  lto-llvm-6b523a.o
    0x0801149c   0x0801149c   0x00000004   PAD
    0x080114a0   0x080114a0   0x00000080   Code   RO          218    .text.fun_msgSetDdsDacWorkMode  lto-llvm-6b523a.o
    0x08011520   0x08011520   0x00000094   Code   RO          220    .text.fun_msgSetDdsDatas  lto-llvm-6b523a.o
    0x080115b4   0x080115b4   0x00000004   PAD
    0x080115b8   0x080115b8   0x00000058   Code   RO          232    .text.fun_msgSetOutputIO  lto-llvm-6b523a.o
    0x08011610   0x08011610   0x0000008e   Code   RO          234    .text.fun_msgSetPwmParam  lto-llvm-6b523a.o
    0x0801169e   0x0801169e   0x00000002   PAD
    0x080116a0   0x080116a0   0x00000238   Code   RO          210    .text.fun_msgStartOnlineRecord  lto-llvm-6b523a.o
    0x080118d8   0x080118d8   0x0000020e   Code   RO          206    .text.fun_msgStartSramRecord  lto-llvm-6b523a.o
    0x08011ae6   0x08011ae6   0x00000002   PAD
    0x08011ae8   0x08011ae8   0x00000022   Code   RO          212    .text.fun_msgStopOnlineRecord  lto-llvm-6b523a.o
    0x08011b0a   0x08011b0a   0x00000006   PAD
    0x08011b10   0x08011b10   0x00000022   Code   RO          214    .text.fun_msgStopSramRecord  lto-llvm-6b523a.o
    0x08011b32   0x08011b32   0x00000006   PAD
    0x08011b38   0x08011b38   0x0000032c   Code   RO          204    .text.fun_readRecentConsecutiveDatas  lto-llvm-6b523a.o
    0x08011e64   0x08011e64   0x00000004   PAD
    0x08011e68   0x08011e68   0x000000d8   Code   RO          244    .text.fun_setAdcCalibPoint1  lto-llvm-6b523a.o
    0x08011f40   0x08011f40   0x000000d8   Code   RO          246    .text.fun_setAdcCalibPoint2  lto-llvm-6b523a.o
    0x08012018   0x08012018   0x00000036   Code   RO          238    .text.fun_setAdcRange  lto-llvm-6b523a.o
    0x0801204e   0x0801204e   0x00000002   PAD
    0x08012050   0x08012050   0x00000036   Code   RO          240    .text.fun_setAdcSignalType  lto-llvm-6b523a.o
    0x08012086   0x08012086   0x00000002   PAD
    0x08012088   0x08012088   0x0000006e   Code   RO          254    .text.fun_setCalibZero  lto-llvm-6b523a.o
    0x080120f6   0x080120f6   0x00000002   PAD
    0x080120f8   0x080120f8   0x0000006e   Code   RO          252    .text.fun_setCorrectFactor  lto-llvm-6b523a.o
    0x08012166   0x08012166   0x00000002   PAD
    0x08012168   0x08012168   0x00000090   Code   RO          226    .text.fun_setDdsDacCalibPoint1  lto-llvm-6b523a.o
    0x080121f8   0x080121f8   0x00000092   Code   RO          228    .text.fun_setDdsDacCalibPoint2  lto-llvm-6b523a.o
    0x0801228a   0x0801228a   0x00000006   PAD
    0x08012290   0x08012290   0x00000038   Code   RO          258    .text.fun_setRecordDelay  lto-llvm-6b523a.o
    0x080122c8   0x080122c8   0x00000054   Code   RO          260    .text.fun_setSensorUnit  lto-llvm-6b523a.o
    0x0801231c   0x0801231c   0x00000004   PAD
    0x08012320   0x08012320   0x00000036   Code   RO          242    .text.fun_sramAdutoTrigEnable  lto-llvm-6b523a.o
    0x08012356   0x08012356   0x00000002   PAD
    0x08012358   0x08012358   0x00000096   Code   RO          306    .text.getCrc16WithTail  lto-llvm-6b523a.o
    0x080123ee   0x080123ee   0x00000002   PAD
    0x080123f0   0x080123f0   0x00000008   Code   RO          326    .text.irq_spi_read  lto-llvm-6b523a.o
    0x080123f8   0x080123f8   0x000001ae   Code   RO          100    .text.main          lto-llvm-6b523a.o
    0x080125a6   0x080125a6   0x00000002   PAD
    0x080125a8   0x080125a8   0x00000012   Code   RO          846    .text.main_thread_entry  lto-llvm-6b523a.o
    0x080125ba   0x080125ba   0x00000006   PAD
    0x080125c0   0x080125c0   0x00000012   Code   RO          332    .text.msgProcess_task_entry  lto-llvm-6b523a.o
    0x080125d2   0x080125d2   0x00000006   PAD
    0x080125d8   0x080125d8   0x00000014   Code   RO          266    .text.nvm_data_init  lto-llvm-6b523a.o
    0x080125ec   0x080125ec   0x00000004   PAD
    0x080125f0   0x080125f0   0x000000e2   Code   RO          900    .text.plug_holes    lto-llvm-6b523a.o
    0x080126d2   0x080126d2   0x00000006   PAD
    0x080126d8   0x080126d8   0x000000b6   Code   RO          280    .text.qspiAdcTimTask  lto-llvm-6b523a.o
    0x0801278e   0x0801278e   0x00000002   PAD
    0x08012790   0x08012790   0x00000034   Code   RO          330    .text.rt_adcFunc_init  lto-llvm-6b523a.o
    0x080127c4   0x080127c4   0x00000004   PAD
    0x080127c8   0x080127c8   0x00000028   Code   RO          844    .text.rt_application_init  lto-llvm-6b523a.o
    0x080127f0   0x080127f0   0x00000034   Code   RO          836    .text.rt_components_board_init  lto-llvm-6b523a.o
    0x08012824   0x08012824   0x00000004   PAD
    0x08012828   0x08012828   0x00000034   Code   RO          838    .text.rt_components_init  lto-llvm-6b523a.o
    0x0801285c   0x0801285c   0x00000004   PAD
    0x08012860   0x08012860   0x00000022   Code   RO          936    .text.rt_enter_critical  lto-llvm-6b523a.o
    0x08012882   0x08012882   0x00000006   PAD
    0x08012888   0x08012888   0x00000056   Code   RO          938    .text.rt_exit_critical  lto-llvm-6b523a.o
    0x080128de   0x080128de   0x00000002   PAD
    0x080128e0   0x080128e0   0x000000b2   Code   RO          898    .text.rt_free       lto-llvm-6b523a.o
    0x08012992   0x08012992   0x00000006   PAD
    0x08012998   0x08012998   0x00000020   Code   RO         1010    .text.rt_hw_board_init  lto-llvm-6b523a.o
    0x080129b8   0x080129b8   0x00000034   Code   RO          822    .text.rt_hw_hard_fault_exception  lto-llvm-6b523a.o
    0x080129ec   0x080129ec   0x00000004   PAD
    0x080129f0   0x080129f0   0x00000088   Code   RO          820    .text.rt_hw_stack_init  lto-llvm-6b523a.o
    0x08012a78   0x08012a78   0x00000022   Code   RO          876    .text.rt_interrupt_enter  lto-llvm-6b523a.o
    0x08012a9a   0x08012a9a   0x00000006   PAD
    0x08012aa0   0x08012aa0   0x00000022   Code   RO          878    .text.rt_interrupt_leave  lto-llvm-6b523a.o
    0x08012ac2   0x08012ac2   0x00000006   PAD
    0x08012ac8   0x08012ac8   0x00000018   Code   RO          874    .text.rt_ipc_list_resume  lto-llvm-6b523a.o
    0x08012ae0   0x08012ae0   0x0000008e   Code   RO          868    .text.rt_ipc_list_suspend  lto-llvm-6b523a.o
    0x08012b6e   0x08012b6e   0x00000002   PAD
    0x08012b70   0x08012b70   0x00000012   Code   RO          860    .text.rt_ipc_object_init  lto-llvm-6b523a.o
    0x08012b82   0x08012b82   0x00000006   PAD
    0x08012b88   0x08012b88   0x00000010   Code   RO          862    .text.rt_list_init  lto-llvm-6b523a.o
    0x08012b98   0x08012b98   0x00000010   Code   RO          920    .text.rt_list_init.363  lto-llvm-6b523a.o
    0x08012ba8   0x08012ba8   0x00000010   Code   RO          950    .text.rt_list_init.378  lto-llvm-6b523a.o
    0x08012bb8   0x08012bb8   0x00000010   Code   RO          978    .text.rt_list_init.397  lto-llvm-6b523a.o
    0x08012bc8   0x08012bc8   0x00000026   Code   RO          906    .text.rt_list_insert_after  lto-llvm-6b523a.o
    0x08012bee   0x08012bee   0x00000002   PAD
    0x08012bf0   0x08012bf0   0x0000002e   Code   RO          944    .text.rt_list_insert_after.375  lto-llvm-6b523a.o
    0x08012c1e   0x08012c1e   0x00000002   PAD
    0x08012c20   0x08012c20   0x00000026   Code   RO          988    .text.rt_list_insert_after.403  lto-llvm-6b523a.o
    0x08012c46   0x08012c46   0x00000002   PAD
    0x08012c48   0x08012c48   0x00000026   Code   RO          870    .text.rt_list_insert_before  lto-llvm-6b523a.o
    0x08012c6e   0x08012c6e   0x00000002   PAD
    0x08012c70   0x08012c70   0x00000026   Code   RO          928    .text.rt_list_insert_before.368  lto-llvm-6b523a.o
    0x08012c96   0x08012c96   0x00000002   PAD
    0x08012c98   0x08012c98   0x00000026   Code   RO          966    .text.rt_list_insert_before.390  lto-llvm-6b523a.o
    0x08012cbe   0x08012cbe   0x00000002   PAD
    0x08012cc0   0x08012cc0   0x00000014   Code   RO          864    .text.rt_list_isempty  lto-llvm-6b523a.o
    0x08012cd4   0x08012cd4   0x00000004   PAD
    0x08012cd8   0x08012cd8   0x00000014   Code   RO          934    .text.rt_list_isempty.370  lto-llvm-6b523a.o
    0x08012cec   0x08012cec   0x00000004   PAD
    0x08012cf0   0x08012cf0   0x00000014   Code   RO          996    .text.rt_list_isempty.410  lto-llvm-6b523a.o
    0x08012d04   0x08012d04   0x00000004   PAD
    0x08012d08   0x08012d08   0x00000020   Code   RO          852    .text.rt_list_remove  lto-llvm-6b523a.o
    0x08012d28   0x08012d28   0x00000020   Code   RO          910    .text.rt_list_remove.354  lto-llvm-6b523a.o
    0x08012d48   0x08012d48   0x00000020   Code   RO          932    .text.rt_list_remove.369  lto-llvm-6b523a.o
    0x08012d68   0x08012d68   0x00000020   Code   RO          954    .text.rt_list_remove.379  lto-llvm-6b523a.o
    0x08012d88   0x08012d88   0x00000020   Code   RO          984    .text.rt_list_remove.400  lto-llvm-6b523a.o
    0x08012da8   0x08012da8   0x00000268   Code   RO          896    .text.rt_malloc     lto-llvm-6b523a.o
    0x08013010   0x08013010   0x000000b0   Code   RO          880    .text.rt_memset     lto-llvm-6b523a.o
    0x080130c0   0x080130c0   0x0000003a   Code   RO          334    .text.rt_msgProcess_init  lto-llvm-6b523a.o
    0x080130fa   0x080130fa   0x00000006   PAD
    0x08013100   0x08013100   0x00000072   Code   RO          912    .text.rt_object_allocate  lto-llvm-6b523a.o
    0x08013172   0x08013172   0x00000006   PAD
    0x08013178   0x08013178   0x0000002a   Code   RO          914    .text.rt_object_delete  lto-llvm-6b523a.o
    0x080131a2   0x080131a2   0x00000006   PAD
    0x080131a8   0x080131a8   0x00000024   Code   RO          908    .text.rt_object_detach  lto-llvm-6b523a.o
    0x080131cc   0x080131cc   0x00000004   PAD
    0x080131d0   0x080131d0   0x00000054   Code   RO          902    .text.rt_object_get_information  lto-llvm-6b523a.o
    0x08013224   0x08013224   0x00000004   PAD
    0x08013228   0x08013228   0x0000007e   Code   RO          904    .text.rt_object_init  lto-llvm-6b523a.o
    0x080132a6   0x080132a6   0x00000002   PAD
    0x080132a8   0x080132a8   0x00000022   Code   RO          916    .text.rt_object_is_systemobject  lto-llvm-6b523a.o
    0x080132ca   0x080132ca   0x00000006   PAD
    0x080132d0   0x080132d0   0x00000014   Code   RO         1006    .text.rt_os_tick_callback  lto-llvm-6b523a.o
    0x080132e4   0x080132e4   0x00000004   PAD
    0x080132e8   0x080132e8   0x000000a0   Code   RO          924    .text.rt_schedule   lto-llvm-6b523a.o
    0x08013388   0x08013388   0x00000050   Code   RO          926    .text.rt_schedule_insert_thread  lto-llvm-6b523a.o
    0x080133d8   0x080133d8   0x0000004e   Code   RO          930    .text.rt_schedule_remove_thread  lto-llvm-6b523a.o
    0x08013426   0x08013426   0x00000002   PAD
    0x08013428   0x08013428   0x00000044   Code   RO          858    .text.rt_sem_init   lto-llvm-6b523a.o
    0x0801346c   0x0801346c   0x00000004   PAD
    0x08013470   0x08013470   0x00000078   Code   RO          872    .text.rt_sem_release  lto-llvm-6b523a.o
    0x080134e8   0x080134e8   0x000000a6   Code   RO          866    .text.rt_sem_take   lto-llvm-6b523a.o
    0x0801358e   0x0801358e   0x00000002   PAD
    0x08013590   0x08013590   0x0000005e   Code   RO          886    .text.rt_strncpy    lto-llvm-6b523a.o
    0x080135ee   0x080135ee   0x00000002   PAD
    0x080135f0   0x080135f0   0x000000c4   Code   RO          894    .text.rt_system_heap_init  lto-llvm-6b523a.o
    0x080136b4   0x080136b4   0x00000004   PAD
    0x080136b8   0x080136b8   0x0000005e   Code   RO          918    .text.rt_system_scheduler_init  lto-llvm-6b523a.o
    0x08013716   0x08013716   0x00000002   PAD
    0x08013718   0x08013718   0x00000040   Code   RO          922    .text.rt_system_scheduler_start  lto-llvm-6b523a.o
    0x08013758   0x08013758   0x00000030   Code   RO          998    .text.rt_system_timer_init  lto-llvm-6b523a.o
    0x08013788   0x08013788   0x00000078   Code   RO          962    .text.rt_thread_create  lto-llvm-6b523a.o
    0x08013800   0x08013800   0x00000010   Code   RO          972    .text.rt_thread_delay  lto-llvm-6b523a.o
    0x08013810   0x08013810   0x0000005e   Code   RO          940    .text.rt_thread_exit  lto-llvm-6b523a.o
    0x0801386e   0x0801386e   0x00000002   PAD
    0x08013870   0x08013870   0x0000000c   Code   RO          856    .text.rt_thread_idle_entry  lto-llvm-6b523a.o
    0x0801387c   0x0801387c   0x00000004   PAD
    0x08013880   0x08013880   0x0000004c   Code   RO          848    .text.rt_thread_idle_excute  lto-llvm-6b523a.o
    0x080138cc   0x080138cc   0x00000004   PAD
    0x080138d0   0x080138d0   0x00000014   Code   RO          854    .text.rt_thread_idle_init  lto-llvm-6b523a.o
    0x080138e4   0x080138e4   0x00000004   PAD
    0x080138e8   0x080138e8   0x00000074   Code   RO          946    .text.rt_thread_init  lto-llvm-6b523a.o
    0x0801395c   0x0801395c   0x00000004   PAD
    0x08013960   0x08013960   0x0000004a   Code   RO          960    .text.rt_thread_resume  lto-llvm-6b523a.o
    0x080139aa   0x080139aa   0x00000006   PAD
    0x080139b0   0x080139b0   0x0000000c   Code   RO          956    .text.rt_thread_self  lto-llvm-6b523a.o
    0x080139bc   0x080139bc   0x00000004   PAD
    0x080139c0   0x080139c0   0x00000050   Code   RO          968    .text.rt_thread_sleep  lto-llvm-6b523a.o
    0x08013a10   0x08013a10   0x0000003e   Code   RO          958    .text.rt_thread_startup  lto-llvm-6b523a.o
    0x08013a4e   0x08013a4e   0x00000002   PAD
    0x08013a50   0x08013a50   0x00000052   Code   RO          970    .text.rt_thread_suspend  lto-llvm-6b523a.o
    0x08013aa2   0x08013aa2   0x00000006   PAD
    0x08013aa8   0x08013aa8   0x00000028   Code   RO          952    .text.rt_thread_timeout  lto-llvm-6b523a.o
    0x08013ad0   0x08013ad0   0x00000072   Code   RO          964    .text.rt_thread_yield  lto-llvm-6b523a.o
    0x08013b42   0x08013b42   0x00000006   PAD
    0x08013b48   0x08013b48   0x0000000c   Code   RO          824    .text.rt_tick_get   lto-llvm-6b523a.o
    0x08013b54   0x08013b54   0x00000004   PAD
    0x08013b58   0x08013b58   0x0000003c   Code   RO          826    .text.rt_tick_increase  lto-llvm-6b523a.o
    0x08013b94   0x08013b94   0x00000004   PAD
    0x08013b98   0x08013b98   0x000000d8   Code   RO          994    .text.rt_timer_check  lto-llvm-6b523a.o
    0x08013c70   0x08013c70   0x00000076   Code   RO          992    .text.rt_timer_control  lto-llvm-6b523a.o
    0x08013ce6   0x08013ce6   0x00000002   PAD
    0x08013ce8   0x08013ce8   0x0000002c   Code   RO          980    .text.rt_timer_detach  lto-llvm-6b523a.o
    0x08013d14   0x08013d14   0x00000004   PAD
    0x08013d18   0x08013d18   0x0000003e   Code   RO          974    .text.rt_timer_init  lto-llvm-6b523a.o
    0x08013d56   0x08013d56   0x00000002   PAD
    0x08013d58   0x08013d58   0x0000014c   Code   RO          986    .text.rt_timer_start  lto-llvm-6b523a.o
    0x08013ea4   0x08013ea4   0x00000004   PAD
    0x08013ea8   0x08013ea8   0x0000003e   Code   RO          990    .text.rt_timer_stop  lto-llvm-6b523a.o
    0x08013ee6   0x08013ee6   0x00000002   PAD
    0x08013ee8   0x08013ee8   0x00000004   Code   RO          832    .text.rti_board_end  lto-llvm-6b523a.o
    0x08013eec   0x08013eec   0x00000004   PAD
    0x08013ef0   0x08013ef0   0x00000004   Code   RO          830    .text.rti_board_start  lto-llvm-6b523a.o
    0x08013ef4   0x08013ef4   0x00000004   PAD
    0x08013ef8   0x08013ef8   0x00000004   Code   RO          834    .text.rti_end       lto-llvm-6b523a.o
    0x08013efc   0x08013efc   0x00000004   PAD
    0x08013f00   0x08013f00   0x00000004   Code   RO          828    .text.rti_start     lto-llvm-6b523a.o
    0x08013f04   0x08013f04   0x00000004   PAD
    0x08013f08   0x08013f08   0x0000004a   Code   RO          322    .text.rtos_spi_write  lto-llvm-6b523a.o
    0x08013f52   0x08013f52   0x00000006   PAD
    0x08013f58   0x08013f58   0x00000028   Code   RO          842    .text.rtthread_startup  lto-llvm-6b523a.o
    0x08013f80   0x08013f80   0x00000034   Code   RO          274    .text.usbMsg_thread_task  lto-llvm-6b523a.o
    0x08013fb4   0x08013fb4   0x00000004   PAD
    0x08013fb8   0x08013fb8   0x00000022   Code   RO          272    .text.usbMsg_timer_task  lto-llvm-6b523a.o
    0x08013fda   0x08013fda   0x00000006   PAD
    0x08013fe0   0x08013fe0   0x000000dc   Code   RO          276    .text.usb_sendMsg   lto-llvm-6b523a.o
    0x080140bc   0x080140bc   0x0000000e   Code   RO         1036    i.__scatterload_copy  mc_w.l(handlers.o)
    0x080140ca   0x080140ca   0x00000002   Code   RO         1037    i.__scatterload_null  mc_w.l(handlers.o)
    0x080140cc   0x080140cc   0x0000000e   Code   RO         1038    i.__scatterload_zeroinit  mc_w.l(handlers.o)
    0x080140da   0x080140da   0x000006e8   Data   RO         1014    .rodata             lto-llvm-6b523a.o
    0x080147c2   0x080147c2   0x00000010   Data   RO         1017    .rodata.cst16       lto-llvm-6b523a.o
    0x080147d2   0x080147d2   0x00000065   Data   RO         1015    .rodata.str1.1      lto-llvm-6b523a.o
    0x08014837   0x08014837   0x00000001   PAD
    0x08014838   0x08014838   0x00000004   Data   RO         1018    .rti_fn.0           lto-llvm-6b523a.o
    0x0801483c   0x0801483c   0x00000004   Data   RO         1019    .rti_fn.0.end       lto-llvm-6b523a.o
    0x08014840   0x08014840   0x00000004   Data   RO         1020    .rti_fn.1.end       lto-llvm-6b523a.o
    0x08014844   0x08014844   0x00000004   Data   RO         1021    .rti_fn.6.end       lto-llvm-6b523a.o
    0x08014848   0x08014848   0x00000020   Data   RO         1035    Region$$Table       anon$$obj.o


    Execution Region RW_IRAM1 (Exec base: 0x20000000, Load base: 0x08014868, Size: 0x00000000, Max: 0x00020000, ABSOLUTE)

    **** No section assigned to this execution region ****


    Execution Region RW_IRAM2 (Exec base: 0x24000000, Load base: 0x08014868, Size: 0x0002cba0, Max: 0x00080000, ABSOLUTE, COMPRESSED[0x000000f8])

    Exec Addr    Load Addr    Size         Type   Attr      Idx    E Section Name        Object

    0x24000000   COMPRESSED   0x0000013c   Data   RW         1016    .data               lto-llvm-6b523a.o
    0x2400013c   COMPRESSED   0x00000004   PAD
    0x24000140        -       0x0002c65c   Zero   RW         1012    .bss                lto-llvm-6b523a.o
    0x2402c79c   COMPRESSED   0x00000004   PAD
    0x2402c7a0        -       0x00000400   Zero   RW            1    STACK               startup_stm32h743xx.o


==============================================================================

Image component sizes


      Code (inc. data)   RO Data    RW Data    ZI Data      Debug   Object Name

       308         26          0          0          0        976   context_rvds.o
     79658        798       1901        316     181852     233146   lto-llvm-6b523a.o
        44         12        664          0       1024        884   startup_stm32h743xx.o

    ----------------------------------------------------------------------
     81252        840       2598        316     182884     235006   Object Totals
         0          0         32          0          0          0   (incl. Generated)
      1242          4          1          0          8          0   (incl. Padding)

    ----------------------------------------------------------------------

      Code (inc. data)   RO Data    RW Data    ZI Data      Debug   Library Member Name

        58          0          0          0          0          0   __dczerorl.o
         0          0          0          0          0          0   entry.o
         0          0          0          0          0          0   entry10a.o
         0          0          0          0          0          0   entry11a.o
         8          4          0          0          0          0   entry2.o
         4          0          0          0          0          0   entry5.o
         0          0          0          0          0          0   entry7b.o
         0          0          0          0          0          0   entry8b.o
         8          4          0          0          0          0   entry9a.o
        30          0          0          0          0          0   handlers.o
        36          8          0          0          0         68   init.o
        36          0          0          0          0         68   memcpya.o
        36          0          0          0          0        108   memseta.o

    ----------------------------------------------------------------------
       222         16          0          0          0        244   Library Totals
         6          0          0          0          0          0   (incl. Padding)

    ----------------------------------------------------------------------

      Code (inc. data)   RO Data    RW Data    ZI Data      Debug   Library Name

       216         16          0          0          0        244   mc_w.l

    ----------------------------------------------------------------------
       222         16          0          0          0        244   Library Totals

    ----------------------------------------------------------------------

==============================================================================


      Code (inc. data)   RO Data    RW Data    ZI Data      Debug   

     81474        856       2598        316     182884     235382   Grand Totals
     81474        856       2598        248     182884     235382   ELF Image Totals (compressed)
     81474        856       2598        248          0          0   ROM Totals

==============================================================================

    Total RO  Size (Code + RO Data)                84072 (  82.10kB)
    Total RW  Size (RW Data + ZI Data)            183200 ( 178.91kB)
    Total ROM Size (Code + RO Data + RW Data)      84320 (  82.34kB)

==============================================================================

