<html>
<body>
<pre>
<h1>µVision Build Log</h1>
<h2>Tool Versions:</h2>
IDE-Version: ¦ÌVision V5.36.0.0
Copyright (C) 2021 ARM Ltd and ARM Germany GmbH. All rights reserved.
License Information: 1 1, 1, LIC=76F5U-SRRP3-30JNC-7NHJ7-QV6YN-MQ1AV
 
Tool Versions:
Toolchain:       MDK-ARM Plus  Version: 5.36.0.0
Toolchain Path:  D:\Keil_v5\ARM\ARMCLANG\Bin
C Compiler:      ArmClang.exe V6.16
Assembler:       Armasm.exe V6.16
Linker/Locator:  ArmLink.exe V6.16
Library Manager: ArmAr.exe V6.16
Hex Converter:   FromElf.exe V6.16
CPU DLL:         SARMCM3.DLL V5.36.0.0
Dialog DLL:      DCM.DLL V1.17.3.0
Target DLL:      STLink\ST-LINKIII-KEIL_SWO.dll V3.0.9.0
Dialog DLL:      TCM.DLL V1.53.0.0
 
<h2>Project:</h2>
D:\Document\Scientific research\Data_acquisition_card\Data_acquisition_card\Slave_computer\STM32_DABM_D223\MDK-ARM\DABM-D223.uvprojx
Project File Date:  09/13/2026

<h2>Output:</h2>
*** Using Compiler 'V6.16', folder: 'D:\Keil_v5\ARM\ARMCLANG\Bin'
Rebuild target 'DABM-D223'
compiling main.c...
compiling usbMsg.c...
compiling system_stm32h7xx.c...
assembling startup_stm32h743xx.s...
compiling adcFunction.c...
compiling ddsDAC.c...
compiling stm32h7xx_hal_flash_ex.c...
compiling stm32h7xx_hal_msp.c...
compiling stm32h7xx_hal_pcd_ex.c...
compiling userThread.c...
compiling fram.c...
compiling stm32h7xx_hal_qspi.c...
compiling crc16.c...
compiling userQspiAdc.c...
compiling stm32h7xx_hal_flash.c...
compiling stm32h7xx_hal_dma_ex.c...
compiling stm32h7xx_hal_cortex.c...
compiling stm32h7xx_hal_pcd.c...
compiling stm32h7xx_hal_pwr_ex.c...
compiling stm32h7xx_hal_i2c_ex.c...
compiling nvmData.c...
compiling usbd_cdc_if.c...
compiling stm32h7xx_ll_delayblock.c...
compiling stm32h7xx_hal_exti.c...
compiling stm32h7xx_hal.c...
compiling usbd_core.c...
compiling stm32h7xx_hal_pwr.c...
compiling stm32h7xx_hal_mdma.c...
compiling stm32h7xx_ll_usb.c...
compiling msgStruct.c...
compiling usb_device.c...
compiling stm32h7xx_hal_tim_ex.c...
compiling stm32h7xx_hal_hsem.c...
compiling dio.c...
compiling stm32h7xx_hal_rcc.c...
compiling usbd_desc.c...
compiling stm32h7xx_hal_gpio.c...
compiling stm32h7xx_hal_spi_ex.c...
compiling stm32h7xx_hal_spi.c...
compiling stm32h7xx_hal_rcc_ex.c...
compiling stm32h7xx_hal_i2c.c...
compiling cpuport.c...
compiling usbd_ctlreq.c...
compiling usbd_conf.c...
compiling stm32h7xx_hal_tim.c...
compiling regFPGA.c...
compiling usbd_ioreq.c...
compiling stm32h7xx_it.c...
compiling userQspi.c...
compiling stm32h7xx_hal_dma.c...
compiling cpu_cache.c...
compiling usbd_cdc.c...
compiling clock.c...
compiling ipc.c...
compiling kservice.c...
compiling idle.c...
compiling irq.c...
compiling components.c...
compiling mempool.c...
compiling mem.c...
compiling object.c...
compiling scheduler.c...
assembling context_rvds.S...
compiling thread.c...
compiling timer.c...
compiling board.c...
linking...
Program Size: Code=81450 RO-data=2598 RW-data=316 ZI-data=182900  
FromELF: creating hex file...
"DABM-D223\DABM-D223.axf" - 0 Error(s), 0 Warning(s).

<h2>Software Packages used:</h2>

Package Vendor: ARM
                http://www.keil.com/pack/ARM.CMSIS.5.8.0.pack
                ARM.CMSIS.5.8.0
                CMSIS (Common Microcontroller Software Interface Standard)
   * Component: CORE Version: 5.5.0

Package Vendor: RealThread
                https://www.rt-thread.org/download/mdk/RealThread.RT-Thread.3.1.5.pack
                RealThread.RT-Thread.3.1.5
                RT-Thread Software Components
   * Component: kernel Version: 3.1.5

Package Vendor: Keil
                https://www.keil.com/pack/Keil.STM32H7xx_DFP.3.1.1.pack
                Keil.STM32H7xx_DFP.3.1.1
                STMicroelectronics STM32H7 Series Device Support and Examples

<h2>Collection of Component include folders:</h2>
  .\RTE\RTOS
  .\RTE\_DABM-D223
  D:\Users\admin\AppData\Local\Arm\Packs\ARM\CMSIS\5.8.0\CMSIS\Core\Include
  D:\Users\admin\AppData\Local\Arm\Packs\Keil\STM32H7xx_DFP\3.1.1\Drivers\CMSIS\Device\ST\STM32H7xx\Include
  D:\Users\admin\AppData\Local\Arm\Packs\RealThread\RT-Thread\3.1.5\include

<h2>Collection of Component Files used:</h2>

   * Component: ARM::CMSIS:CORE:5.5.0
      Include file:  CMSIS\Core\Include\tz_context.h

   * Component: RealThread.RT-Thread::RTOS:kernel:3.1.5
      Include file:  bsp\_template\rtconfig.h
      Source file:   src\clock.c
      Source file:   src\idle.c
      Source file:   src\ipc.c
      Source file:   src\irq.c
      Source file:   src\kservice.c
      Source file:   src\mempool.c
      Source file:   src\object.c
      Source file:   src\scheduler.c
      Source file:   src\thread.c
      Source file:   src\components.c
      Source file:   src\mem.c
      Source file:   src\timer.c
      Source file:   bsp\_template\board.c
      Source file:   libcpu\arm\cortex-m7\cpuport.c
      Source file:   libcpu\arm\cortex-m7\context_rvds.S
      Source file:   libcpu\arm\cortex-m7\cpu_cache.c
Build Time Elapsed:  00:00:04
</pre>
</body>
</html>
